Archive member included to satisfy reference by file (symbol)

C:/CLionToolchains/gcc-arm-none-eabi-10.3-2021.10/bin/../lib/gcc/arm-none-eabi/13.3.1/thumb/v7e-m+fp/hard\libgcc.a(_arm_addsubdf3.o)
                              CMakeFiles/bubing_RM2025.elf.dir/code_mf/Src/gimbal_motor_control.c.obj (__aeabi_dsub)
C:/CLionToolchains/gcc-arm-none-eabi-10.3-2021.10/bin/../lib/gcc/arm-none-eabi/13.3.1/thumb/v7e-m+fp/hard\libgcc.a(_arm_truncdfsf2.o)
                              CMakeFiles/bubing_RM2025.elf.dir/code_mf/Src/chassis_motor_control.c.obj (__aeabi_d2f)
C:/CLionToolchains/gcc-arm-none-eabi-10.3-2021.10/bin/../lib/gcc/arm-none-eabi/13.3.1/thumb/v7e-m+fp/hard\libgcc.a(_aeabi_uldivmod.o)
                              CMakeFiles/bubing_RM2025.elf.dir/Drivers/STM32F4xx_HAL_Driver/Src/stm32f4xx_hal_rcc.c.obj (__aeabi_uldivmod)
C:/CLionToolchains/gcc-arm-none-eabi-10.3-2021.10/bin/../lib/gcc/arm-none-eabi/13.3.1/thumb/v7e-m+fp/hard\libgcc.a(_udivmoddi4.o)
                              C:/CLionToolchains/gcc-arm-none-eabi-10.3-2021.10/bin/../lib/gcc/arm-none-eabi/13.3.1/thumb/v7e-m+fp/hard\libgcc.a(_aeabi_uldivmod.o) (__udivmoddi4)
C:/CLionToolchains/gcc-arm-none-eabi-10.3-2021.10/bin/../lib/gcc/arm-none-eabi/13.3.1/thumb/v7e-m+fp/hard\libgcc.a(_dvmd_tls.o)
                              C:/CLionToolchains/gcc-arm-none-eabi-10.3-2021.10/bin/../lib/gcc/arm-none-eabi/13.3.1/thumb/v7e-m+fp/hard\libgcc.a(_aeabi_uldivmod.o) (__aeabi_ldiv0)
C:/CLionToolchains/gcc-arm-none-eabi-10.3-2021.10/bin/../lib/gcc/arm-none-eabi/13.3.1/thumb/v7e-m+fp/hard\libg.a(libc_a-exit.o)
                              C:/CLionToolchains/gcc-arm-none-eabi-10.3-2021.10/bin/../lib/gcc/arm-none-eabi/13.3.1/thumb/v7e-m+fp/hard/crt0.o (exit)
C:/CLionToolchains/gcc-arm-none-eabi-10.3-2021.10/bin/../lib/gcc/arm-none-eabi/13.3.1/thumb/v7e-m+fp/hard\libg.a(libc_a-findfp.o)
                              CMakeFiles/bubing_RM2025.elf.dir/Middlewares/Third_Party/FreeRTOS/Source/tasks.c.obj (__sf)
C:/CLionToolchains/gcc-arm-none-eabi-10.3-2021.10/bin/../lib/gcc/arm-none-eabi/13.3.1/thumb/v7e-m+fp/hard\libg.a(libc_a-fwalk.o)
                              C:/CLionToolchains/gcc-arm-none-eabi-10.3-2021.10/bin/../lib/gcc/arm-none-eabi/13.3.1/thumb/v7e-m+fp/hard\libg.a(libc_a-findfp.o) (_fwalk_sglue)
C:/CLionToolchains/gcc-arm-none-eabi-10.3-2021.10/bin/../lib/gcc/arm-none-eabi/13.3.1/thumb/v7e-m+fp/hard\libg.a(libc_a-stdio.o)
                              C:/CLionToolchains/gcc-arm-none-eabi-10.3-2021.10/bin/../lib/gcc/arm-none-eabi/13.3.1/thumb/v7e-m+fp/hard\libg.a(libc_a-findfp.o) (__sread)
C:/CLionToolchains/gcc-arm-none-eabi-10.3-2021.10/bin/../lib/gcc/arm-none-eabi/13.3.1/thumb/v7e-m+fp/hard\libg.a(libc_a-vsprintf.o)
                              CMakeFiles/bubing_RM2025.elf.dir/code_mf/Src/uart_printf.c.obj (vsprintf)
C:/CLionToolchains/gcc-arm-none-eabi-10.3-2021.10/bin/../lib/gcc/arm-none-eabi/13.3.1/thumb/v7e-m+fp/hard\libg.a(libc_a-memset.o)
                              C:/CLionToolchains/gcc-arm-none-eabi-10.3-2021.10/bin/../lib/gcc/arm-none-eabi/13.3.1/thumb/v7e-m+fp/hard/crt0.o (memset)
C:/CLionToolchains/gcc-arm-none-eabi-10.3-2021.10/bin/../lib/gcc/arm-none-eabi/13.3.1/thumb/v7e-m+fp/hard\libg.a(libc_a-closer.o)
                              C:/CLionToolchains/gcc-arm-none-eabi-10.3-2021.10/bin/../lib/gcc/arm-none-eabi/13.3.1/thumb/v7e-m+fp/hard\libg.a(libc_a-stdio.o) (_close_r)
C:/CLionToolchains/gcc-arm-none-eabi-10.3-2021.10/bin/../lib/gcc/arm-none-eabi/13.3.1/thumb/v7e-m+fp/hard\libg.a(libc_a-reent.o)
                              CMakeFiles/bubing_RM2025.elf.dir/Middlewares/Third_Party/FreeRTOS/Source/tasks.c.obj (_reclaim_reent)
C:/CLionToolchains/gcc-arm-none-eabi-10.3-2021.10/bin/../lib/gcc/arm-none-eabi/13.3.1/thumb/v7e-m+fp/hard\libg.a(libc_a-impure.o)
                              CMakeFiles/bubing_RM2025.elf.dir/Middlewares/Third_Party/FreeRTOS/Source/tasks.c.obj (_impure_ptr)
C:/CLionToolchains/gcc-arm-none-eabi-10.3-2021.10/bin/../lib/gcc/arm-none-eabi/13.3.1/thumb/v7e-m+fp/hard\libg.a(libc_a-lseekr.o)
                              C:/CLionToolchains/gcc-arm-none-eabi-10.3-2021.10/bin/../lib/gcc/arm-none-eabi/13.3.1/thumb/v7e-m+fp/hard\libg.a(libc_a-stdio.o) (_lseek_r)
C:/CLionToolchains/gcc-arm-none-eabi-10.3-2021.10/bin/../lib/gcc/arm-none-eabi/13.3.1/thumb/v7e-m+fp/hard\libg.a(libc_a-readr.o)
                              C:/CLionToolchains/gcc-arm-none-eabi-10.3-2021.10/bin/../lib/gcc/arm-none-eabi/13.3.1/thumb/v7e-m+fp/hard\libg.a(libc_a-stdio.o) (_read_r)
C:/CLionToolchains/gcc-arm-none-eabi-10.3-2021.10/bin/../lib/gcc/arm-none-eabi/13.3.1/thumb/v7e-m+fp/hard\libg.a(libc_a-writer.o)
                              C:/CLionToolchains/gcc-arm-none-eabi-10.3-2021.10/bin/../lib/gcc/arm-none-eabi/13.3.1/thumb/v7e-m+fp/hard\libg.a(libc_a-stdio.o) (_write_r)
C:/CLionToolchains/gcc-arm-none-eabi-10.3-2021.10/bin/../lib/gcc/arm-none-eabi/13.3.1/thumb/v7e-m+fp/hard\libg.a(libc_a-errno.o)
[...]
Memory Configuration

Name             Origin             Length             Attributes
CCMRAM           0x10000000         0x00010000         xrw
RAM              0x20000000         0x00020000         xrw
FLASH            0x08000000         0x00100000         xr
*default*        0x00000000         0xffffffff

Linker script and memory map

LOAD C:/CLionToolchains/gcc-arm-none-eabi-10.3-2021.10/bin/../lib/gcc/arm-none-eabi/13.3.1/thumb/v7e-m+fp/hard/crti.o
LOAD C:/CLionToolchains/gcc-arm-none-eabi-10.3-2021.10/bin/../lib/gcc/arm-none-eabi/13.3.1/thumb/v7e-m+fp/hard/crtbegin.o
LOAD C:/CLionToolchains/gcc-arm-none-eabi-10.3-2021.10/bin/../lib/gcc/arm-none-eabi/13.3.1/thumb/v7e-m+fp/hard/crt0.o
LOAD CMakeFiles/bubing_RM2025.elf.dir/Core/Src/can.c.obj
LOAD CMakeFiles/bubing_RM2025.elf.dir/Core/Src/dma.c.obj
LOAD CMakeFiles/bubing_RM2025.elf.dir/Core/Src/freertos.c.obj
LOAD CMakeFiles/bubing_RM2025.elf.dir/Core/Src/gpio.c.obj
LOAD CMakeFiles/bubing_RM2025.elf.dir/Core/Src/main.c.obj
LOAD CMakeFiles/bubing_RM2025.elf.dir/Core/Src/stm32f4xx_hal_msp.c.obj
LOAD CMakeFiles/bubing_RM2025.elf.dir/Core/Src/stm32f4xx_hal_timebase_tim.c.obj
LOAD CMakeFiles/bubing_RM2025.elf.dir/Core/Src/stm32f4xx_it.c.obj
LOAD CMakeFiles/bubing_RM2025.elf.dir/Core/Src/syscalls.c.obj
LOAD CMakeFiles/bubing_RM2025.elf.dir/Core/Src/sysmem.c.obj
LOAD CMakeFiles/bubing_RM2025.elf.dir/Core/Src/system_stm32f4xx.c.obj
LOAD CMakeFiles/bubing_RM2025.elf.dir/Core/Src/tim.c.obj
LOAD CMakeFiles/bubing_RM2025.elf.dir/Core/Src/usart.c.obj
LOAD CMakeFiles/bubing_RM2025.elf.dir/Core/Startup/startup_stm32f407ighx.s.obj
LOAD CMakeFiles/bubing_RM2025.elf.dir/Drivers/STM32F4xx_HAL_Driver/Src/stm32f4xx_hal.c.obj
LOAD CMakeFiles/bubing_RM2025.elf.dir/Drivers/STM32F4xx_HAL_Driver/Src/stm32f4xx_hal_can.c.obj
LOAD CMakeFiles/bubing_RM2025.elf.dir/Drivers/STM32F4xx_HAL_Driver/Src/stm32f4xx_hal_cortex.c.obj
LOAD CMakeFiles/bubing_RM2025.elf.dir/Drivers/STM32F4xx_HAL_Driver/Src/stm32f4xx_hal_dma.c.obj
LOAD CMakeFiles/bubing_RM2025.elf.dir/Drivers/STM32F4xx_HAL_Driver/Src/stm32f4xx_hal_dma_ex.c.obj
LOAD CMakeFiles/bubing_RM2025.elf.dir/Drivers/STM32F4xx_HAL_Driver/Src/stm32f4xx_hal_exti.c.obj
LOAD CMakeFiles/bubing_RM2025.elf.dir/Drivers/STM32F4xx_HAL_Driver/Src/stm32f4xx_hal_flash.c.obj
LOAD CMakeFiles/bubing_RM2025.elf.dir/Drivers/STM32F4xx_HAL_Driver/Src/stm32f4xx_hal_flash_ex.c.obj
LOAD CMakeFiles/bubing_RM2025.elf.dir/Drivers/STM32F4xx_HAL_Driver/Src/stm32f4xx_hal_flash_ramfunc.c.obj
LOAD CMakeFiles/bubing_RM2025.elf.dir/Drivers/STM32F4xx_HAL_Driver/Src/stm32f4xx_hal_gpio.c.obj
LOAD CMakeFiles/bubing_RM2025.elf.dir/Drivers/STM32F4xx_HAL_Driver/Src/stm32f4xx_hal_pwr.c.obj
LOAD CMakeFiles/bubing_RM2025.elf.dir/Drivers/STM32F4xx_HAL_Driver/Src/stm32f4xx_hal_pwr_ex.c.obj
LOAD CMakeFiles/bubing_RM2025.elf.dir/Drivers/STM32F4xx_HAL_Driver/Src/stm32f4xx_hal_rcc.c.obj
LOAD CMakeFiles/bubing_RM2025.elf.dir/Drivers/STM32F4xx_HAL_Driver/Src/stm32f4xx_hal_rcc_ex.c.obj
LOAD CMakeFiles/bubing_RM2025.elf.dir/Drivers/STM32F4xx_HAL_Driver/Src/stm32f4xx_hal_tim.c.obj
LOAD CMakeFiles/bubing_RM2025.elf.dir/Drivers/STM32F4xx_HAL_Driver/Src/stm32f4xx_hal_tim_ex.c.obj
LOAD CMakeFiles/bubing_RM2025.elf.dir/Drivers/STM32F4xx_HAL_Driver/Src/stm32f4xx_hal_uart.c.obj
LOAD CMakeFiles/bubing_RM2025.elf.dir/Middlewares/Third_Party/FreeRTOS/Source/CMSIS_RTOS/cmsis_os.c.obj
LOAD CMakeFiles/bubing_RM2025.elf.dir/Middlewares/Third_Party/FreeRTOS/Source/croutine.c.obj
LOAD CMakeFiles/bubing_RM2025.elf.dir/Middlewares/Third_Party/FreeRTOS/Source/event_groups.c.obj
LOAD CMakeFiles/bubing_RM2025.elf.dir/Middlewares/Third_Party/FreeRTOS/Source/list.c.obj
LOAD CMakeFiles/bubing_RM2025.elf.dir/Middlewares/Third_Party/FreeRTOS/Source/portable/GCC/ARM_CM4F/port.c.obj
LOAD CMakeFiles/bubing_RM2025.elf.dir/Middlewares/Third_Party/FreeRTOS/Source/portable/MemMang/heap_4.c.obj
LOAD CMakeFiles/bubing_RM2025.elf.dir/Middlewares/Third_Party/FreeRTOS/Source/queue.c.obj
LOAD CMakeFiles/bubing_RM2025.elf.dir/Middlewares/Third_Party/FreeRTOS/Source/stream_buffer.c.obj
LOAD CMakeFiles/bubing_RM2025.elf.dir/Middlewares/Third_Party/FreeRTOS/Source/tasks.c.obj
LOAD CMakeFiles/bubing_RM2025.elf.dir/Middlewares/Third_Party/FreeRTOS/Source/timers.c.obj
LOAD CMakeFiles/bubing_RM2025.elf.dir/code_mf/Src/CAN_receive.c.obj
LOAD CMakeFiles/bubing_RM2025.elf.dir/code_mf/Src/board_LED.c.obj
LOAD CMakeFiles/bubing_RM2025.elf.dir/code_mf/Src/bsp_can.c.obj
LOAD CMakeFiles/bubing_RM2025.elf.dir/code_mf/Src/bsp_rc.c.obj
LOAD CMakeFiles/bubing_RM2025.elf.dir/code_mf/Src/can_sent.c.obj
LOAD CMakeFiles/bubing_RM2025.elf.dir/code_mf/Src/chassis_motor_control.c.obj
LOAD CMakeFiles/bubing_RM2025.elf.dir/code_mf/Src/error_detection.c.obj
LOAD CMakeFiles/bubing_RM2025.elf.dir/code_mf/Src/get_rc.c.obj
LOAD CMakeFiles/bubing_RM2025.elf.dir/code_mf/Src/gimbal_motor_control.c.obj
LOAD CMakeFiles/bubing_RM2025.elf.dir/code_mf/Src/jy61p.c.obj
LOAD CMakeFiles/bubing_RM2025.elf.dir/code_mf/Src/odometer.c.obj
LOAD CMakeFiles/bubing_RM2025.elf.dir/code_mf/Src/pid.c.obj
LOAD CMakeFiles/bubing_RM2025.elf.dir/code_mf/Src/refree_task.c.obj
LOAD CMakeFiles/bubing_RM2025.elf.dir/code_mf/Src/remote_control.c.obj
LOAD CMakeFiles/bubing_RM2025.elf.dir/code_mf/Src/servo_task.c.obj
LOAD CMakeFiles/bubing_RM2025.elf.dir/code_mf/Src/shoot_control.c.obj
LOAD CMakeFiles/bubing_RM2025.elf.dir/code_mf/Src/uart_callback.c.obj
LOAD CMakeFiles/bubing_RM2025.elf.dir/code_mf/Src/uart_printf.c.obj
LOAD CMakeFiles/bubing_RM2025.elf.dir/code_mf/Src/uart_sent.c.obj
START GROUP
LOAD C:/CLionToolchains/gcc-arm-none-eabi-10.3-2021.10/bin/../lib/gcc/arm-none-eabi/13.3.1/thumb/v7e-m+fp/hard\libgcc.a
LOAD C:/CLionToolchains/gcc-arm-none-eabi-10.3-2021.10/bin/../lib/gcc/arm-none-eabi/13.3.1/thumb/v7e-m+fp/hard\libg.a
LOAD C:/CLionToolchains/gcc-arm-none-eabi-10.3-2021.10/bin/../lib/gcc/arm-none-eabi/13.3.1/thumb/v7e-m+fp/hard\libc.a
END GROUP
LOAD C:/CLionToolchains/gcc-arm-none-eabi-10.3-2021.10/bin/../lib/gcc/arm-none-eabi/13.3.1/thumb/v7e-m+fp/hard/crtend.o
LOAD C:/CLionToolchains/gcc-arm-none-eabi-10.3-2021.10/bin/../lib/gcc/arm-none-eabi/13.3.1/thumb/v7e-m+fp/hard/crtn.o
                0x20020000                        _estack = (ORIGIN (RAM) + LENGTH (RAM))
                0x00000200                        _Min_Heap_Size = 0x200
                0x00000400                        _Min_Stack_Size = 0x400

.isr_vector     0x08000000      0x188
                0x08000000                        . = ALIGN (0x4)
 *(.isr_vector)
 .isr_vector    0x08000000      0x188 CMakeFiles/bubing_RM2025.elf.dir/Core/Startup/startup_stm32f407ighx.s.obj
                0x08000000                g_pfnVectors
                0x08000188                        . = ALIGN (0x4)

.text           0x080001c0     0xe770
                0x080001c0                        . = ALIGN (0x4)
 *(.text)
 .text          0x080001c0      0x378 C:/CLionToolchains/gcc-arm-none-eabi-10.3-2021.10/bin/../lib/gcc/arm-none-eabi/13.3.1/thumb/v7e-m+fp/hard\libgcc.a(_arm_addsubdf3.o)
                0x080001c0                __aeabi_drsub
                0x080001c8                __aeabi_dsub
                0x080001c8                __subdf3
                0x080001cc                __aeabi_dadd
                0x080001cc                __adddf3
                0x08000444                __floatunsidf
                0x08000444                __aeabi_ui2d
                0x08000464                __floatsidf
                0x08000464                __aeabi_i2d
                0x08000488                __aeabi_f2d
                0x08000488                __extendsfdf2
                0x080004cc                __floatundidf
                0x080004cc                __aeabi_ul2d
                0x080004dc                __floatdidf
                0x080004dc                __aeabi_l2d
 .text          0x08000538       0xa0 C:/CLionToolchains/gcc-arm-none-eabi-10.3-2021.10/bin/../lib/gcc/arm-none-eabi/13.3.1/thumb/v7e-m+fp/hard\libgcc.a(_arm_truncdfsf2.o)
                0x08000538                __truncdfsf2
                0x08000538                __aeabi_d2f
 .text          0x080005d8       0x30 C:/CLionToolchains/gcc-arm-none-eabi-10.3-2021.10/bin/../lib/gcc/arm-none-eabi/13.3.1/thumb/v7e-m+fp/hard\libgcc.a(_aeabi_uldivmod.o)
                0x080005d8                __aeabi_uldivmod
 .text          0x08000608        0x4 C:/CLionToolchains/gcc-arm-none-eabi-10.3-2021.10/bin/../lib/gcc/arm-none-eabi/13.3.1/thumb/v7e-m+fp/hard\libgcc.a(_dvmd_tls.o)
                0x08000608                __aeabi_idiv0
                0x08000608                __aeabi_ldiv0
 .text          0x0800060c      0x134 C:/CLionToolchains/gcc-arm-none-eabi-10.3-2021.10/bin/../lib/gcc/arm-none-eabi/13.3.1/thumb/v7e-m+fp/hard\libg.a(libc_a-memcpy.o)
                0x0800060c                memcpy
 .text          0x08000740       0xa0 C:/CLionToolchains/gcc-arm-none-eabi-10.3-2021.10/bin/../lib/gcc/arm-none-eabi/13.3.1/thumb/v7e-m+fp/hard\libg.a(libc_a-memchr.o)
                0x08000740                memchr
 *fill*         0x080007e0       0x20 
 .text          0x08000800       0xd8 C:/CLionToolchains/gcc-arm-none-eabi-10.3-2021.10/bin/../lib/gcc/arm-none-eabi/13.3.1/thumb/v7e-m+fp/hard\libg.a(libc_a-strlen.o)
                0x08000800                strlen
 .text          0x080008d8      0x424 C:/CLionToolchains/gcc-arm-none-eabi-10.3-2021.10/bin/../lib/gcc/arm-none-eabi/13.3.1/thumb/v7e-m+fp/hard\libgcc.a(_arm_muldivdf3.o)
                0x080008d8                __aeabi_dmul
                0x080008d8                __muldf3
                0x08000b2c                __divdf3
                0x08000b2c                __aeabi_ddiv
 .text          0x08000cfc      0x110 C:/CLionToolchains/gcc-arm-none-eabi-10.3-2021.10/bin/../lib/gcc/arm-none-eabi/13.3.1/thumb/v7e-m+fp/hard\libgcc.a(_arm_cmpdf2.o)
                0x08000cfc                __gtdf2
                0x08000cfc                __gedf2
                0x08000d04                __ltdf2
                0x08000d04                __ledf2
                0x08000d0c                __nedf2
                0x08000d0c                __eqdf2
                0x08000d0c                __cmpdf2
                0x08000d88                __aeabi_cdrcmple
                0x08000d98                __aeabi_cdcmpeq
                0x08000d98                __aeabi_cdcmple
                0x08000da8                __aeabi_dcmpeq
                0x08000dbc                __aeabi_dcmplt
                0x08000dd0                __aeabi_dcmple
                0x08000de4                __aeabi_dcmpge
                0x08000df8                __aeabi_dcmpgt
 .text          0x08000e0c       0x2c C:/CLionToolchains/gcc-arm-none-eabi-10.3-2021.10/bin/../lib/gcc/arm-none-eabi/13.3.1/thumb/v7e-m+fp/hard\libgcc.a(_arm_unorddf2.o)
                0x08000e0c                __unorddf2
                0x08000e0c                __aeabi_dcmpun
 .text          0x08000e38       0x50 C:/CLionToolchains/gcc-arm-none-eabi-10.3-2021.10/bin/../lib/gcc/arm-none-eabi/13.3.1/thumb/v7e-m+fp/hard\libgcc.a(_arm_fixdfsi.o)
                0x08000e38                __aeabi_d2iz
                0x08000e38                __fixdfsi
 *(.text*)
 .text.deregister_tm_clones
                0x08000e88       0x1c C:/CLionToolchains/gcc-arm-none-eabi-10.3-2021.10/bin/../lib/gcc/arm-none-eabi/13.3.1/thumb/v7e-m+fp/hard/crtbegin.o
 .text.register_tm_clones
                0x08000ea4       0x24 C:/CLionToolchains/gcc-arm-none-eabi-10.3-2021.10/bin/../lib/gcc/arm-none-eabi/13.3.1/thumb/v7e-m+fp/hard/crtbegin.o
 .text.__do_global_dtors_aux
                0x08000ec8       0x28 C:/CLionToolchains/gcc-arm-none-eabi-10.3-2021.10/bin/../lib/gcc/arm-none-eabi/13.3.1/thumb/v7e-m+fp/hard/crtbegin.o
 .text.frame_dummy
                0x08000ef0       0x24 C:/CLionToolchains/gcc-arm-none-eabi-10.3-2021.10/bin/../lib/gcc/arm-none-eabi/13.3.1/thumb/v7e-m+fp/hard/crtbegin.o
 .text.MX_CAN1_Init
                0x08000f14       0x40 CMakeFiles/bubing_RM2025.elf.dir/Core/Src/can.c.obj
                0x08000f14                MX_CAN1_Init
 .text.MX_CAN2_Init
                0x08000f54       0x40 CMakeFiles/bubing_RM2025.elf.dir/Core/Src/can.c.obj
                0x08000f54                MX_CAN2_Init
 .text.HAL_CAN_MspInit
                0x08000f94      0x120 CMakeFiles/bubing_RM2025.elf.dir/Core/Src/can.c.obj
                0x08000f94                HAL_CAN_MspInit
 .text.MX_DMA_Init
                0x080010b4       0x78 CMakeFiles/bubing_RM2025.elf.dir/Core/Src/dma.c.obj
                0x080010b4                MX_DMA_Init
 .text.StartDefaultTask
                0x0800112c        0xa CMakeFiles/bubing_RM2025.elf.dir/Core/Src/freertos.c.obj
                0x0800112c                StartDefaultTask
 *fill*         0x08001136        0x2 
 .text.vApplicationGetIdleTaskMemory
                0x08001138       0x18 CMakeFiles/bubing_RM2025.elf.dir/Core/Src/freertos.c.obj
                0x08001138                vApplicationGetIdleTaskMemory
 .text.MX_FREERTOS_Init
                0x08001150      0x1c4 CMakeFiles/bubing_RM2025.elf.dir/Core/Src/freertos.c.obj
                0x08001150                MX_FREERTOS_Init
 .text.MX_GPIO_Init
                0x08001314       0xe4 CMakeFiles/bubing_RM2025.elf.dir/Core/Src/gpio.c.obj
                0x08001314                MX_GPIO_Init
 .text.HAL_TIM_PeriodElapsedCallback
                0x080013f8       0x18 CMakeFiles/bubing_RM2025.elf.dir/Core/Src/main.c.obj
                0x080013f8                HAL_TIM_PeriodElapsedCallback
 .text.Error_Handler
                0x08001410        0x4 CMakeFiles/bubing_RM2025.elf.dir/Core/Src/main.c.obj
                0x08001410                Error_Handler
 .text.SystemClock_Config
                0x08001414       0xa8 CMakeFiles/bubing_RM2025.elf.dir/Core/Src/main.c.obj
                0x08001414                SystemClock_Config
 .text.main     0x080014bc       0xe0 CMakeFiles/bubing_RM2025.elf.dir/Core/Src/main.c.obj
                0x080014bc                main
 .text.HAL_MspInit
                0x0800159c       0x44 CMakeFiles/bubing_RM2025.elf.dir/Core/Src/stm32f4xx_hal_msp.c.obj
                0x0800159c                HAL_MspInit
 .text.HAL_InitTick
                0x080015e0       0xa4 CMakeFiles/bubing_RM2025.elf.dir/Core/Src/stm32f4xx_hal_timebase_tim.c.obj
                0x080015e0                HAL_InitTick
 .text.NMI_Handler
                0x08001684        0x2 CMakeFiles/bubing_RM2025.elf.dir/Core/Src/stm32f4xx_it.c.obj
                0x08001684                NMI_Handler
 .text.HardFault_Handler
                0x08001686        0x2 CMakeFiles/bubing_RM2025.elf.dir/Core/Src/stm32f4xx_it.c.obj
                0x08001686                HardFault_Handler
 .text.MemManage_Handler
                0x08001688        0x2 CMakeFiles/bubing_RM2025.elf.dir/Core/Src/stm32f4xx_it.c.obj
                0x08001688                MemManage_Handler
 .text.BusFault_Handler
                0x0800168a        0x2 CMakeFiles/bubing_RM2025.elf.dir/Core/Src/stm32f4xx_it.c.obj
                0x0800168a                BusFault_Handler
 .text.UsageFault_Handler
                0x0800168c        0x2 CMakeFiles/bubing_RM2025.elf.dir/Core/Src/stm32f4xx_it.c.obj
                0x0800168c                UsageFault_Handler
 .text.DebugMon_Handler
                0x0800168e        0x2 CMakeFiles/bubing_RM2025.elf.dir/Core/Src/stm32f4xx_it.c.obj
                0x0800168e                DebugMon_Handler
 .text.DMA1_Stream1_IRQHandler
                0x08001690       0x10 CMakeFiles/bubing_RM2025.elf.dir/Core/Src/stm32f4xx_it.c.obj
                0x08001690                DMA1_Stream1_IRQHandler
 .text.CAN1_RX0_IRQHandler
                0x080016a0       0x10 CMakeFiles/bubing_RM2025.elf.dir/Core/Src/stm32f4xx_it.c.obj
                0x080016a0                CAN1_RX0_IRQHandler
 .text.USART1_IRQHandler
                0x080016b0       0x10 CMakeFiles/bubing_RM2025.elf.dir/Core/Src/stm32f4xx_it.c.obj
                0x080016b0                USART1_IRQHandler
 .text.TIM7_IRQHandler
                0x080016c0       0x10 CMakeFiles/bubing_RM2025.elf.dir/Core/Src/stm32f4xx_it.c.obj
                0x080016c0                TIM7_IRQHandler
 .text.DMA2_Stream1_IRQHandler
                0x080016d0       0x10 CMakeFiles/bubing_RM2025.elf.dir/Core/Src/stm32f4xx_it.c.obj
                0x080016d0                DMA2_Stream1_IRQHandler
 .text.DMA2_Stream2_IRQHandler
                0x080016e0       0x10 CMakeFiles/bubing_RM2025.elf.dir/Core/Src/stm32f4xx_it.c.obj
                0x080016e0                DMA2_Stream2_IRQHandler
 .text.CAN2_RX0_IRQHandler
                0x080016f0       0x10 CMakeFiles/bubing_RM2025.elf.dir/Core/Src/stm32f4xx_it.c.obj
                0x080016f0                CAN2_RX0_IRQHandler
 .text.DMA2_Stream6_IRQHandler
                0x08001700       0x10 CMakeFiles/bubing_RM2025.elf.dir/Core/Src/stm32f4xx_it.c.obj
                0x08001700                DMA2_Stream6_IRQHandler
 .text.USART6_IRQHandler
                0x08001710       0x10 CMakeFiles/bubing_RM2025.elf.dir/Core/Src/stm32f4xx_it.c.obj
                0x08001710                USART6_IRQHandler
 .text._getpid  0x08001720        0x4 CMakeFiles/bubing_RM2025.elf.dir/Core/Src/syscalls.c.obj
                0x08001720                _getpid
 .text._kill    0x08001724       0x10 CMakeFiles/bubing_RM2025.elf.dir/Core/Src/syscalls.c.obj
                0x08001724                _kill
 .text._exit    0x08001734        0xc CMakeFiles/bubing_RM2025.elf.dir/Core/Src/syscalls.c.obj
                0x08001734                _exit
 .text._read    0x08001740       0x20 CMakeFiles/bubing_RM2025.elf.dir/Core/Src/syscalls.c.obj
                0x08001740                _read
 .text._write   0x08001760       0x1c CMakeFiles/bubing_RM2025.elf.dir/Core/Src/syscalls.c.obj
                0x08001760                _write
 .text._close   0x0800177c        0x6 CMakeFiles/bubing_RM2025.elf.dir/Core/Src/syscalls.c.obj
                0x0800177c                _close
 .text._fstat   0x08001782        0xa CMakeFiles/bubing_RM2025.elf.dir/Core/Src/syscalls.c.obj
                0x08001782                _fstat
 .text._isatty  0x0800178c        0x4 CMakeFiles/bubing_RM2025.elf.dir/Core/Src/syscalls.c.obj
                0x0800178c                _isatty
 .text._lseek   0x08001790        0x4 CMakeFiles/bubing_RM2025.elf.dir/Core/Src/syscalls.c.obj
                0x08001790                _lseek
 .text._sbrk    0x08001794       0x48 CMakeFiles/bubing_RM2025.elf.dir/Core/Src/sysmem.c.obj
                0x08001794                _sbrk
 .text.SystemInit
                0x080017dc       0x14 CMakeFiles/bubing_RM2025.elf.dir/Core/Src/system_stm32f4xx.c.obj
                0x080017dc                SystemInit
 .text.HAL_TIM_Base_MspInit
                0x080017f0       0x54 CMakeFiles/bubing_RM2025.elf.dir/Core/Src/tim.c.obj
                0x080017f0                HAL_TIM_Base_MspInit
 .text.HAL_TIM_MspPostInit
                0x08001844       0xc0 CMakeFiles/bubing_RM2025.elf.dir/Core/Src/tim.c.obj
                0x08001844                HAL_TIM_MspPostInit
 .text.MX_TIM1_Init
                0x08001904      0x124 CMakeFiles/bubing_RM2025.elf.dir/Core/Src/tim.c.obj
                0x08001904                MX_TIM1_Init
 .text.MX_TIM8_Init
                0x08001a28      0x110 CMakeFiles/bubing_RM2025.elf.dir/Core/Src/tim.c.obj
                0x08001a28                MX_TIM8_Init
 .text.MX_USART1_UART_Init
                0x08001b38       0x34 CMakeFiles/bubing_RM2025.elf.dir/Core/Src/usart.c.obj
                0x08001b38                MX_USART1_UART_Init
 .text.MX_USART3_UART_Init
                0x08001b6c       0x3c CMakeFiles/bubing_RM2025.elf.dir/Core/Src/usart.c.obj
                0x08001b6c                MX_USART3_UART_Init
 .text.MX_USART6_UART_Init
                0x08001ba8       0x34 CMakeFiles/bubing_RM2025.elf.dir/Core/Src/usart.c.obj
                0x08001ba8                MX_USART6_UART_Init
 .text.HAL_UART_MspInit
                0x08001bdc      0x290 CMakeFiles/bubing_RM2025.elf.dir/Core/Src/usart.c.obj
                0x08001bdc                HAL_UART_MspInit
 .text.Reset_Handler
                0x08001e6c       0x50 CMakeFiles/bubing_RM2025.elf.dir/Core/Startup/startup_stm32f407ighx.s.obj
                0x08001e6c                Reset_Handler
 .text.Default_Handler
                0x08001ebc        0x2 CMakeFiles/bubing_RM2025.elf.dir/Core/Startup/startup_stm32f407ighx.s.obj
                0x08001ebc                RTC_Alarm_IRQHandler
                0x08001ebc                HASH_RNG_IRQHandler
                0x08001ebc                EXTI2_IRQHandler
                0x08001ebc                TIM8_CC_IRQHandler
                0x08001ebc                TIM1_CC_IRQHandler
                0x08001ebc                DMA2_Stream5_IRQHandler
                0x08001ebc                DMA1_Stream5_IRQHandler
                0x08001ebc                PVD_IRQHandler
                0x08001ebc                SDIO_IRQHandler
                0x08001ebc                TAMP_STAMP_IRQHandler
                0x08001ebc                CAN2_RX1_IRQHandler
                0x08001ebc                EXTI3_IRQHandler
                0x08001ebc                TIM8_TRG_COM_TIM14_IRQHandler
                0x08001ebc                TIM1_UP_TIM10_IRQHandler
                0x08001ebc                TIM8_UP_TIM13_IRQHandler
                0x08001ebc                I2C3_ER_IRQHandler
                0x08001ebc                EXTI0_IRQHandler
                0x08001ebc                I2C2_EV_IRQHandler
                0x08001ebc                DMA1_Stream2_IRQHandler
                0x08001ebc                FPU_IRQHandler
                0x08001ebc                OTG_HS_WKUP_IRQHandler
                0x08001ebc                CAN2_SCE_IRQHandler
                0x08001ebc                SPI1_IRQHandler
                0x08001ebc                TIM6_DAC_IRQHandler
                0x08001ebc                TIM1_BRK_TIM9_IRQHandler
                0x08001ebc                DCMI_IRQHandler
                0x08001ebc                DMA2_Stream3_IRQHandler
                0x08001ebc                CAN1_RX1_IRQHandler
                0x08001ebc                UART5_IRQHandler
                0x08001ebc                DMA2_Stream0_IRQHandler
                0x08001ebc                TIM4_IRQHandler
                0x08001ebc                I2C1_EV_IRQHandler
                0x08001ebc                DMA1_Stream6_IRQHandler
                0x08001ebc                UART4_IRQHandler
                0x08001ebc                TIM3_IRQHandler
                0x08001ebc                RCC_IRQHandler
                0x08001ebc                TIM8_BRK_TIM12_IRQHandler
                0x08001ebc                Default_Handler
                0x08001ebc                EXTI15_10_IRQHandler
                0x08001ebc                ADC_IRQHandler
                0x08001ebc                DMA1_Stream7_IRQHandler
                0x08001ebc                CAN2_TX_IRQHandler
                0x08001ebc                TIM5_IRQHandler
                0x08001ebc                DMA2_Stream7_IRQHandler
                0x08001ebc                I2C3_EV_IRQHandler
                0x08001ebc                EXTI9_5_IRQHandler
                0x08001ebc                RTC_WKUP_IRQHandler
                0x08001ebc                ETH_WKUP_IRQHandler
                0x08001ebc                SPI2_IRQHandler
                0x08001ebc                OTG_HS_EP1_IN_IRQHandler
                0x08001ebc                DMA1_Stream0_IRQHandler
                0x08001ebc                CAN1_TX_IRQHandler
                0x08001ebc                EXTI4_IRQHandler
                0x08001ebc                FSMC_IRQHandler
                0x08001ebc                ETH_IRQHandler
                0x08001ebc                OTG_HS_EP1_OUT_IRQHandler
                0x08001ebc                WWDG_IRQHandler
                0x08001ebc                TIM2_IRQHandler
                0x08001ebc                OTG_FS_WKUP_IRQHandler
                0x08001ebc                TIM1_TRG_COM_TIM11_IRQHandler
                0x08001ebc                OTG_HS_IRQHandler
                0x08001ebc                EXTI1_IRQHandler
                0x08001ebc                USART2_IRQHandler
                0x08001ebc                I2C2_ER_IRQHandler
                0x08001ebc                CAN1_SCE_IRQHandler
                0x08001ebc                FLASH_IRQHandler
                0x08001ebc                DMA2_Stream4_IRQHandler
                0x08001ebc                OTG_FS_IRQHandler
                0x08001ebc                SPI3_IRQHandler
                0x08001ebc                DMA1_Stream4_IRQHandler
                0x08001ebc                I2C1_ER_IRQHandler
                0x08001ebc                DMA1_Stream3_IRQHandler
 *fill*         0x08001ebe        0x2 
 .text.HAL_Init
                0x08001ec0       0x34 CMakeFiles/bubing_RM2025.elf.dir/Drivers/STM32F4xx_HAL_Driver/Src/stm32f4xx_hal.c.obj
                0x08001ec0                HAL_Init
 .text.HAL_IncTick
                0x08001ef4       0x18 CMakeFiles/bubing_RM2025.elf.dir/Drivers/STM32F4xx_HAL_Driver/Src/stm32f4xx_hal.c.obj
                0x08001ef4                HAL_IncTick
 .text.HAL_GetTick
                0x08001f0c        0xc CMakeFiles/bubing_RM2025.elf.dir/Drivers/STM32F4xx_HAL_Driver/Src/stm32f4xx_hal.c.obj
                0x08001f0c                HAL_GetTick
 .text.HAL_CAN_Init
                0x08001f18      0x14c CMakeFiles/bubing_RM2025.elf.dir/Drivers/STM32F4xx_HAL_Driver/Src/stm32f4xx_hal_can.c.obj
                0x08001f18                HAL_CAN_Init
 .text.HAL_CAN_ConfigFilter
                0x08002064      0x138 CMakeFiles/bubing_RM2025.elf.dir/Drivers/STM32F4xx_HAL_Driver/Src/stm32f4xx_hal_can.c.obj
                0x08002064                HAL_CAN_ConfigFilter
 .text.HAL_CAN_Start
                0x0800219c       0x5c CMakeFiles/bubing_RM2025.elf.dir/Drivers/STM32F4xx_HAL_Driver/Src/stm32f4xx_hal_can.c.obj
                0x0800219c                HAL_CAN_Start
 .text.HAL_CAN_AddTxMessage
                0x080021f8       0xea CMakeFiles/bubing_RM2025.elf.dir/Drivers/STM32F4xx_HAL_Driver/Src/stm32f4xx_hal_can.c.obj
                0x080021f8                HAL_CAN_AddTxMessage
 .text.HAL_CAN_GetRxMessage
                0x080022e2      0x16a CMakeFiles/bubing_RM2025.elf.dir/Drivers/STM32F4xx_HAL_Driver/Src/stm32f4xx_hal_can.c.obj
                0x080022e2                HAL_CAN_GetRxMessage
 .text.HAL_CAN_ActivateNotification
                0x0800244c       0x24 CMakeFiles/bubing_RM2025.elf.dir/Drivers/STM32F4xx_HAL_Driver/Src/stm32f4xx_hal_can.c.obj
                0x0800244c                HAL_CAN_ActivateNotification
 .text.HAL_CAN_TxMailbox0CompleteCallback
                0x08002470        0x2 CMakeFiles/bubing_RM2025.elf.dir/Drivers/STM32F4xx_HAL_Driver/Src/stm32f4xx_hal_can.c.obj
                0x08002470                HAL_CAN_TxMailbox0CompleteCallback
 .text.HAL_CAN_TxMailbox1CompleteCallback
                0x08002472        0x2 CMakeFiles/bubing_RM2025.elf.dir/Drivers/STM32F4xx_HAL_Driver/Src/stm32f4xx_hal_can.c.obj
                0x08002472                HAL_CAN_TxMailbox1CompleteCallback
 .text.HAL_CAN_TxMailbox2CompleteCallback
                0x08002474        0x2 CMakeFiles/bubing_RM2025.elf.dir/Drivers/STM32F4xx_HAL_Driver/Src/stm32f4xx_hal_can.c.obj
                0x08002474                HAL_CAN_TxMailbox2CompleteCallback
 .text.HAL_CAN_TxMailbox0AbortCallback
                0x08002476        0x2 CMakeFiles/bubing_RM2025.elf.dir/Drivers/STM32F4xx_HAL_Driver/Src/stm32f4xx_hal_can.c.obj
                0x08002476                HAL_CAN_TxMailbox0AbortCallback
 .text.HAL_CAN_TxMailbox1AbortCallback
                0x08002478        0x2 CMakeFiles/bubing_RM2025.elf.dir/Drivers/STM32F4xx_HAL_Driver/Src/stm32f4xx_hal_can.c.obj
                0x08002478                HAL_CAN_TxMailbox1AbortCallback
 .text.HAL_CAN_TxMailbox2AbortCallback
                0x0800247a        0x2 CMakeFiles/bubing_RM2025.elf.dir/Drivers/STM32F4xx_HAL_Driver/Src/stm32f4xx_hal_can.c.obj
                0x0800247a                HAL_CAN_TxMailbox2AbortCallback
 .text.HAL_CAN_RxFifo0FullCallback
                0x0800247c        0x2 CMakeFiles/bubing_RM2025.elf.dir/Drivers/STM32F4xx_HAL_Driver/Src/stm32f4xx_hal_can.c.obj
                0x0800247c                HAL_CAN_RxFifo0FullCallback
 .text.HAL_CAN_RxFifo1MsgPendingCallback
                0x0800247e        0x2 CMakeFiles/bubing_RM2025.elf.dir/Drivers/STM32F4xx_HAL_Driver/Src/stm32f4xx_hal_can.c.obj
                0x0800247e                HAL_CAN_RxFifo1MsgPendingCallback
 .text.HAL_CAN_RxFifo1FullCallback
                0x08002480        0x2 CMakeFiles/bubing_RM2025.elf.dir/Drivers/STM32F4xx_HAL_Driver/Src/stm32f4xx_hal_can.c.obj
                0x08002480                HAL_CAN_RxFifo1FullCallback
 .text.HAL_CAN_SleepCallback
                0x08002482        0x2 CMakeFiles/bubing_RM2025.elf.dir/Drivers/STM32F4xx_HAL_Driver/Src/stm32f4xx_hal_can.c.obj
                0x08002482                HAL_CAN_SleepCallback
 .text.HAL_CAN_WakeUpFromRxMsgCallback
                0x08002484        0x2 CMakeFiles/bubing_RM2025.elf.dir/Drivers/STM32F4xx_HAL_Driver/Src/stm32f4xx_hal_can.c.obj
                0x08002484                HAL_CAN_WakeUpFromRxMsgCallback
 .text.HAL_CAN_ErrorCallback
                0x08002486        0x2 CMakeFiles/bubing_RM2025.elf.dir/Drivers/STM32F4xx_HAL_Driver/Src/stm32f4xx_hal_can.c.obj
                0x08002486                HAL_CAN_ErrorCallback
 .text.HAL_CAN_IRQHandler
                0x08002488      0x250 CMakeFiles/bubing_RM2025.elf.dir/Drivers/STM32F4xx_HAL_Driver/Src/stm32f4xx_hal_can.c.obj
                0x08002488                HAL_CAN_IRQHandler
 .text.__NVIC_EnableIRQ
                0x080026d8       0x1c CMakeFiles/bubing_RM2025.elf.dir/Drivers/STM32F4xx_HAL_Driver/Src/stm32f4xx_hal_cortex.c.obj
 .text.__NVIC_SetPriority
                0x080026f4       0x28 CMakeFiles/bubing_RM2025.elf.dir/Drivers/STM32F4xx_HAL_Driver/Src/stm32f4xx_hal_cortex.c.obj
 .text.NVIC_EncodePriority
                0x0800271c       0x3e CMakeFiles/bubing_RM2025.elf.dir/Drivers/STM32F4xx_HAL_Driver/Src/stm32f4xx_hal_cortex.c.obj
 *fill*         0x0800275a        0x2 
 .text.HAL_NVIC_SetPriorityGrouping
                0x0800275c       0x24 CMakeFiles/bubing_RM2025.elf.dir/Drivers/STM32F4xx_HAL_Driver/Src/stm32f4xx_hal_cortex.c.obj
                0x0800275c                HAL_NVIC_SetPriorityGrouping
 .text.HAL_NVIC_SetPriority
                0x08002780       0x20 CMakeFiles/bubing_RM2025.elf.dir/Drivers/STM32F4xx_HAL_Driver/Src/stm32f4xx_hal_cortex.c.obj
                0x08002780                HAL_NVIC_SetPriority
 .text.HAL_NVIC_EnableIRQ
                0x080027a0        0x8 CMakeFiles/bubing_RM2025.elf.dir/Drivers/STM32F4xx_HAL_Driver/Src/stm32f4xx_hal_cortex.c.obj
                0x080027a0                HAL_NVIC_EnableIRQ
 .text.DMA_SetConfig
                0x080027a8       0x2c CMakeFiles/bubing_RM2025.elf.dir/Drivers/STM32F4xx_HAL_Driver/Src/stm32f4xx_hal_dma.c.obj
 .text.DMA_CalcBaseAndBitshift
                0x080027d4       0x3c CMakeFiles/bubing_RM2025.elf.dir/Drivers/STM32F4xx_HAL_Driver/Src/stm32f4xx_hal_dma.c.obj
 .text.DMA_CheckFifoParam
                0x08002810       0x8e CMakeFiles/bubing_RM2025.elf.dir/Drivers/STM32F4xx_HAL_Driver/Src/stm32f4xx_hal_dma.c.obj
 *fill*         0x0800289e        0x2 
 .text.HAL_DMA_Init
                0x080028a0       0xcc CMakeFiles/bubing_RM2025.elf.dir/Drivers/STM32F4xx_HAL_Driver/Src/stm32f4xx_hal_dma.c.obj
                0x080028a0                HAL_DMA_Init
 .text.HAL_DMA_Start_IT
                0x0800296c       0x6a CMakeFiles/bubing_RM2025.elf.dir/Drivers/STM32F4xx_HAL_Driver/Src/stm32f4xx_hal_dma.c.obj
                0x0800296c                HAL_DMA_Start_IT
 .text.HAL_DMA_Abort
                0x080029d6       0x94 CMakeFiles/bubing_RM2025.elf.dir/Drivers/STM32F4xx_HAL_Driver/Src/stm32f4xx_hal_dma.c.obj
                0x080029d6                HAL_DMA_Abort
 .text.HAL_DMA_Abort_IT
                0x08002a6a       0x26 CMakeFiles/bubing_RM2025.elf.dir/Drivers/STM32F4xx_HAL_Driver/Src/stm32f4xx_hal_dma.c.obj
                0x08002a6a                HAL_DMA_Abort_IT
 .text.HAL_DMA_IRQHandler
                0x08002a90      0x1dc CMakeFiles/bubing_RM2025.elf.dir/Drivers/STM32F4xx_HAL_Driver/Src/stm32f4xx_hal_dma.c.obj
                0x08002a90                HAL_DMA_IRQHandler
 .text.HAL_GPIO_Init
                0x08002c6c      0x1ec CMakeFiles/bubing_RM2025.elf.dir/Drivers/STM32F4xx_HAL_Driver/Src/stm32f4xx_hal_gpio.c.obj
                0x08002c6c                HAL_GPIO_Init
 .text.HAL_GPIO_WritePin
                0x08002e58        0xc CMakeFiles/bubing_RM2025.elf.dir/Drivers/STM32F4xx_HAL_Driver/Src/stm32f4xx_hal_gpio.c.obj
                0x08002e58                HAL_GPIO_WritePin
 .text.HAL_GPIO_TogglePin
                0x08002e64       0x12 CMakeFiles/bubing_RM2025.elf.dir/Drivers/STM32F4xx_HAL_Driver/Src/stm32f4xx_hal_gpio.c.obj
                0x08002e64                HAL_GPIO_TogglePin
 *fill*         0x08002e76        0x2 
 .text.HAL_RCC_OscConfig
                0x08002e78      0x3f8 CMakeFiles/bubing_RM2025.elf.dir/Drivers/STM32F4xx_HAL_Driver/Src/stm32f4xx_hal_rcc.c.obj
                0x08002e78                HAL_RCC_OscConfig
 .text.HAL_RCC_GetSysClockFreq
                0x08003270       0xa8 CMakeFiles/bubing_RM2025.elf.dir/Drivers/STM32F4xx_HAL_Driver/Src/stm32f4xx_hal_rcc.c.obj
                0x08003270                HAL_RCC_GetSysClockFreq
 .text.HAL_RCC_ClockConfig
                0x08003318      0x160 CMakeFiles/bubing_RM2025.elf.dir/Drivers/STM32F4xx_HAL_Driver/Src/stm32f4xx_hal_rcc.c.obj
                0x08003318                HAL_RCC_ClockConfig
 .text.HAL_RCC_GetHCLKFreq
                0x08003478        0xc CMakeFiles/bubing_RM2025.elf.dir/Drivers/STM32F4xx_HAL_Driver/Src/stm32f4xx_hal_rcc.c.obj
                0x08003478                HAL_RCC_GetHCLKFreq
 .text.HAL_RCC_GetPCLK1Freq
                0x08003484       0x20 CMakeFiles/bubing_RM2025.elf.dir/Drivers/STM32F4xx_HAL_Driver/Src/stm32f4xx_hal_rcc.c.obj
                0x08003484                HAL_RCC_GetPCLK1Freq
 .text.HAL_RCC_GetPCLK2Freq
                0x080034a4       0x20 CMakeFiles/bubing_RM2025.elf.dir/Drivers/STM32F4xx_HAL_Driver/Src/stm32f4xx_hal_rcc.c.obj
                0x080034a4                HAL_RCC_GetPCLK2Freq
 .text.HAL_RCC_GetClockConfig
                0x080034c4       0x3c CMakeFiles/bubing_RM2025.elf.dir/Drivers/STM32F4xx_HAL_Driver/Src/stm32f4xx_hal_rcc.c.obj
                0x080034c4                HAL_RCC_GetClockConfig
 .text.TIM_OC1_SetConfig
                0x08003500       0x70 CMakeFiles/bubing_RM2025.elf.dir/Drivers/STM32F4xx_HAL_Driver/Src/stm32f4xx_hal_tim.c.obj
 .text.TIM_OC3_SetConfig
                0x08003570       0x70 CMakeFiles/bubing_RM2025.elf.dir/Drivers/STM32F4xx_HAL_Driver/Src/stm32f4xx_hal_tim.c.obj
 .text.TIM_OC4_SetConfig
                0x080035e0       0x50 CMakeFiles/bubing_RM2025.elf.dir/Drivers/STM32F4xx_HAL_Driver/Src/stm32f4xx_hal_tim.c.obj
 .text.TIM_TI1_ConfigInputStage
                0x08003630       0x26 CMakeFiles/bubing_RM2025.elf.dir/Drivers/STM32F4xx_HAL_Driver/Src/stm32f4xx_hal_tim.c.obj
 .text.TIM_TI2_ConfigInputStage
                0x08003656       0x28 CMakeFiles/bubing_RM2025.elf.dir/Drivers/STM32F4xx_HAL_Driver/Src/stm32f4xx_hal_tim.c.obj
 .text.TIM_ITRx_SetConfig
                0x0800367e       0x10 CMakeFiles/bubing_RM2025.elf.dir/Drivers/STM32F4xx_HAL_Driver/Src/stm32f4xx_hal_tim.c.obj
 *fill*         0x0800368e        0x2 
 .text.HAL_TIM_Base_Start
                0x08003690       0x7c CMakeFiles/bubing_RM2025.elf.dir/Drivers/STM32F4xx_HAL_Driver/Src/stm32f4xx_hal_tim.c.obj
                0x08003690                HAL_TIM_Base_Start
 .text.HAL_TIM_Base_Start_IT
                0x0800370c       0x88 CMakeFiles/bubing_RM2025.elf.dir/Drivers/STM32F4xx_HAL_Driver/Src/stm32f4xx_hal_tim.c.obj
                0x0800370c                HAL_TIM_Base_Start_IT
 .text.HAL_TIM_PWM_MspInit
                0x08003794        0x2 CMakeFiles/bubing_RM2025.elf.dir/Drivers/STM32F4xx_HAL_Driver/Src/stm32f4xx_hal_tim.c.obj
                0x08003794                HAL_TIM_PWM_MspInit
 .text.HAL_TIM_OC_DelayElapsedCallback
                0x08003796        0x2 CMakeFiles/bubing_RM2025.elf.dir/Drivers/STM32F4xx_HAL_Driver/Src/stm32f4xx_hal_tim.c.obj
                0x08003796                HAL_TIM_OC_DelayElapsedCallback
 .text.HAL_TIM_IC_CaptureCallback
                0x08003798        0x2 CMakeFiles/bubing_RM2025.elf.dir/Drivers/STM32F4xx_HAL_Driver/Src/stm32f4xx_hal_tim.c.obj
                0x08003798                HAL_TIM_IC_CaptureCallback
 .text.HAL_TIM_PWM_PulseFinishedCallback
                0x0800379a        0x2 CMakeFiles/bubing_RM2025.elf.dir/Drivers/STM32F4xx_HAL_Driver/Src/stm32f4xx_hal_tim.c.obj
                0x0800379a                HAL_TIM_PWM_PulseFinishedCallback
 .text.HAL_TIM_TriggerCallback
                0x0800379c        0x2 CMakeFiles/bubing_RM2025.elf.dir/Drivers/STM32F4xx_HAL_Driver/Src/stm32f4xx_hal_tim.c.obj
                0x0800379c                HAL_TIM_TriggerCallback
 .text.HAL_TIM_IRQHandler
                0x0800379e      0x15e CMakeFiles/bubing_RM2025.elf.dir/Drivers/STM32F4xx_HAL_Driver/Src/stm32f4xx_hal_tim.c.obj
                0x0800379e                HAL_TIM_IRQHandler
 .text.TIM_Base_SetConfig
                0x080038fc       0xd8 CMakeFiles/bubing_RM2025.elf.dir/Drivers/STM32F4xx_HAL_Driver/Src/stm32f4xx_hal_tim.c.obj
                0x080038fc                TIM_Base_SetConfig
 .text.HAL_TIM_Base_Init
                0x080039d4       0x58 CMakeFiles/bubing_RM2025.elf.dir/Drivers/STM32F4xx_HAL_Driver/Src/stm32f4xx_hal_tim.c.obj
                0x080039d4                HAL_TIM_Base_Init
 .text.HAL_TIM_PWM_Init
                0x08003a2c       0x58 CMakeFiles/bubing_RM2025.elf.dir/Drivers/STM32F4xx_HAL_Driver/Src/stm32f4xx_hal_tim.c.obj
                0x08003a2c                HAL_TIM_PWM_Init
 .text.TIM_OC2_SetConfig
                0x08003a84       0x70 CMakeFiles/bubing_RM2025.elf.dir/Drivers/STM32F4xx_HAL_Driver/Src/stm32f4xx_hal_tim.c.obj
                0x08003a84                TIM_OC2_SetConfig
 .text.HAL_TIM_PWM_ConfigChannel
                0x08003af4       0xdc CMakeFiles/bubing_RM2025.elf.dir/Drivers/STM32F4xx_HAL_Driver/Src/stm32f4xx_hal_tim.c.obj
                0x08003af4                HAL_TIM_PWM_ConfigChannel
 .text.TIM_ETR_SetConfig
                0x08003bd0       0x1a CMakeFiles/bubing_RM2025.elf.dir/Drivers/STM32F4xx_HAL_Driver/Src/stm32f4xx_hal_tim.c.obj
                0x08003bd0                TIM_ETR_SetConfig
 .text.HAL_TIM_ConfigClockSource
                0x08003bea       0xfe CMakeFiles/bubing_RM2025.elf.dir/Drivers/STM32F4xx_HAL_Driver/Src/stm32f4xx_hal_tim.c.obj
                0x08003bea                HAL_TIM_ConfigClockSource
 .text.TIM_CCxChannelCmd
                0x08003ce8       0x1e CMakeFiles/bubing_RM2025.elf.dir/Drivers/STM32F4xx_HAL_Driver/Src/stm32f4xx_hal_tim.c.obj
                0x08003ce8                TIM_CCxChannelCmd
 *fill*         0x08003d06        0x2 
 .text.HAL_TIM_PWM_Start
                0x08003d08      0x104 CMakeFiles/bubing_RM2025.elf.dir/Drivers/STM32F4xx_HAL_Driver/Src/stm32f4xx_hal_tim.c.obj
                0x08003d08                HAL_TIM_PWM_Start
 .text.HAL_TIMEx_MasterConfigSynchronization
                0x08003e0c       0x8c CMakeFiles/bubing_RM2025.elf.dir/Drivers/STM32F4xx_HAL_Driver/Src/stm32f4xx_hal_tim_ex.c.obj
                0x08003e0c                HAL_TIMEx_MasterConfigSynchronization
 .text.HAL_TIMEx_ConfigBreakDeadTime
                0x08003e98       0x52 CMakeFiles/bubing_RM2025.elf.dir/Drivers/STM32F4xx_HAL_Driver/Src/stm32f4xx_hal_tim_ex.c.obj
                0x08003e98                HAL_TIMEx_ConfigBreakDeadTime
 .text.HAL_TIMEx_CommutCallback
                0x08003eea        0x2 CMakeFiles/bubing_RM2025.elf.dir/Drivers/STM32F4xx_HAL_Driver/Src/stm32f4xx_hal_tim_ex.c.obj
                0x08003eea                HAL_TIMEx_CommutCallback
 .text.HAL_TIMEx_BreakCallback
                0x08003eec        0x2 CMakeFiles/bubing_RM2025.elf.dir/Drivers/STM32F4xx_HAL_Driver/Src/stm32f4xx_hal_tim_ex.c.obj
                0x08003eec                HAL_TIMEx_BreakCallback
 .text.UART_EndTxTransfer
                0x08003eee       0x20 CMakeFiles/bubing_RM2025.elf.dir/Drivers/STM32F4xx_HAL_Driver/Src/stm32f4xx_hal_uart.c.obj
 .text.UART_EndRxTransfer
                0x08003f0e       0x5c CMakeFiles/bubing_RM2025.elf.dir/Drivers/STM32F4xx_HAL_Driver/Src/stm32f4xx_hal_uart.c.obj
 .text.UART_Transmit_IT
                0x08003f6a       0x60 CMakeFiles/bubing_RM2025.elf.dir/Drivers/STM32F4xx_HAL_Driver/Src/stm32f4xx_hal_uart.c.obj
 *fill*         0x08003fca        0x2 
 .text.UART_SetConfig
                0x08003fcc      0x110 CMakeFiles/bubing_RM2025.elf.dir/Drivers/STM32F4xx_HAL_Driver/Src/stm32f4xx_hal_uart.c.obj
 .text.UART_WaitOnFlagUntilTimeout
                0x080040dc       0x86 CMakeFiles/bubing_RM2025.elf.dir/Drivers/STM32F4xx_HAL_Driver/Src/stm32f4xx_hal_uart.c.obj
 .text.HAL_UART_Init
                0x08004162       0x60 CMakeFiles/bubing_RM2025.elf.dir/Drivers/STM32F4xx_HAL_Driver/Src/stm32f4xx_hal_uart.c.obj
                0x08004162                HAL_UART_Init
 .text.HAL_UART_Transmit
                0x080041c2       0xcc CMakeFiles/bubing_RM2025.elf.dir/Drivers/STM32F4xx_HAL_Driver/Src/stm32f4xx_hal_uart.c.obj
                0x080041c2                HAL_UART_Transmit
 .text.HAL_UART_TxCpltCallback
                0x0800428e        0x2 CMakeFiles/bubing_RM2025.elf.dir/Drivers/STM32F4xx_HAL_Driver/Src/stm32f4xx_hal_uart.c.obj
                0x0800428e                HAL_UART_TxCpltCallback
 .text.UART_EndTransmit_IT
                0x08004290       0x1a CMakeFiles/bubing_RM2025.elf.dir/Drivers/STM32F4xx_HAL_Driver/Src/stm32f4xx_hal_uart.c.obj
 .text.HAL_UART_RxHalfCpltCallback
                0x080042aa        0x2 CMakeFiles/bubing_RM2025.elf.dir/Drivers/STM32F4xx_HAL_Driver/Src/stm32f4xx_hal_uart.c.obj
                0x080042aa                HAL_UART_RxHalfCpltCallback
 .text.HAL_UART_ErrorCallback
                0x080042ac        0x2 CMakeFiles/bubing_RM2025.elf.dir/Drivers/STM32F4xx_HAL_Driver/Src/stm32f4xx_hal_uart.c.obj
                0x080042ac                HAL_UART_ErrorCallback
 .text.UART_DMAError
                0x080042ae       0x58 CMakeFiles/bubing_RM2025.elf.dir/Drivers/STM32F4xx_HAL_Driver/Src/stm32f4xx_hal_uart.c.obj
 .text.UART_DMAAbortOnError
                0x08004306       0x10 CMakeFiles/bubing_RM2025.elf.dir/Drivers/STM32F4xx_HAL_Driver/Src/stm32f4xx_hal_uart.c.obj
 .text.HAL_UARTEx_RxEventCallback
                0x08004316        0x2 CMakeFiles/bubing_RM2025.elf.dir/Drivers/STM32F4xx_HAL_Driver/Src/stm32f4xx_hal_uart.c.obj
                0x08004316                HAL_UARTEx_RxEventCallback
 .text.UART_Receive_IT
                0x08004318       0xe6 CMakeFiles/bubing_RM2025.elf.dir/Drivers/STM32F4xx_HAL_Driver/Src/stm32f4xx_hal_uart.c.obj
 *fill*         0x080043fe        0x2 
 .text.HAL_UART_IRQHandler
                0x08004400      0x284 CMakeFiles/bubing_RM2025.elf.dir/Drivers/STM32F4xx_HAL_Driver/Src/stm32f4xx_hal_uart.c.obj
                0x08004400                HAL_UART_IRQHandler
 .text.UART_DMARxHalfCplt
                0x08004684       0x1e CMakeFiles/bubing_RM2025.elf.dir/Drivers/STM32F4xx_HAL_Driver/Src/stm32f4xx_hal_uart.c.obj
 .text.UART_DMAReceiveCplt
                0x080046a2       0x9a CMakeFiles/bubing_RM2025.elf.dir/Drivers/STM32F4xx_HAL_Driver/Src/stm32f4xx_hal_uart.c.obj
 .text.UART_Start_Receive_DMA
                0x0800473c       0xa4 CMakeFiles/bubing_RM2025.elf.dir/Drivers/STM32F4xx_HAL_Driver/Src/stm32f4xx_hal_uart.c.obj
                0x0800473c                UART_Start_Receive_DMA
 .text.HAL_UART_Receive_DMA
                0x080047e0       0x26 CMakeFiles/bubing_RM2025.elf.dir/Drivers/STM32F4xx_HAL_Driver/Src/stm32f4xx_hal_uart.c.obj
                0x080047e0                HAL_UART_Receive_DMA
 .text.makeFreeRtosPriority
                0x08004806        0xc CMakeFiles/bubing_RM2025.elf.dir/Middlewares/Third_Party/FreeRTOS/Source/CMSIS_RTOS/cmsis_os.c.obj
 .text.osKernelStart
                0x08004812        0xa CMakeFiles/bubing_RM2025.elf.dir/Middlewares/Third_Party/FreeRTOS/Source/CMSIS_RTOS/cmsis_os.c.obj
                0x08004812                osKernelStart
 .text.osThreadCreate
                0x0800481c       0x66 CMakeFiles/bubing_RM2025.elf.dir/Middlewares/Third_Party/FreeRTOS/Source/CMSIS_RTOS/cmsis_os.c.obj
                0x0800481c                osThreadCreate
 .text.osDelay  0x08004882        0xe CMakeFiles/bubing_RM2025.elf.dir/Middlewares/Third_Party/FreeRTOS/Source/CMSIS_RTOS/cmsis_os.c.obj
                0x08004882                osDelay
 .text.vListInitialise
                0x08004890       0x16 CMakeFiles/bubing_RM2025.elf.dir/Middlewares/Third_Party/FreeRTOS/Source/list.c.obj
                0x08004890                vListInitialise
 .text.vListInitialiseItem
                0x080048a6        0x6 CMakeFiles/bubing_RM2025.elf.dir/Middlewares/Third_Party/FreeRTOS/Source/list.c.obj
                0x080048a6                vListInitialiseItem
 .text.vListInsertEnd
                0x080048ac       0x16 CMakeFiles/bubing_RM2025.elf.dir/Middlewares/Third_Party/FreeRTOS/Source/list.c.obj
                0x080048ac                vListInsertEnd
 .text.vListInsert
                0x080048c2       0x32 CMakeFiles/bubing_RM2025.elf.dir/Middlewares/Third_Party/FreeRTOS/Source/list.c.obj
                0x080048c2                vListInsert
 .text.uxListRemove
                0x080048f4       0x26 CMakeFiles/bubing_RM2025.elf.dir/Middlewares/Third_Party/FreeRTOS/Source/list.c.obj
                0x080048f4                uxListRemove
 *fill*         0x0800491a        0x2 
 .text.prvTaskExitError
                0x0800491c       0x40 CMakeFiles/bubing_RM2025.elf.dir/Middlewares/Third_Party/FreeRTOS/Source/portable/GCC/ARM_CM4F/port.c.obj
 .text.prvPortStartFirstTask
                0x0800495c       0x28 CMakeFiles/bubing_RM2025.elf.dir/Middlewares/Third_Party/FreeRTOS/Source/portable/GCC/ARM_CM4F/port.c.obj
 .text.vPortEnableVFP
                0x08004984       0x14 CMakeFiles/bubing_RM2025.elf.dir/Middlewares/Third_Party/FreeRTOS/Source/portable/GCC/ARM_CM4F/port.c.obj
 .text.pxPortInitialiseStack
                0x08004998       0x2c CMakeFiles/bubing_RM2025.elf.dir/Middlewares/Third_Party/FreeRTOS/Source/portable/GCC/ARM_CM4F/port.c.obj
                0x08004998                pxPortInitialiseStack
 *fill*         0x080049c4        0xc 
 .text.SVC_Handler
                0x080049d0       0x24 CMakeFiles/bubing_RM2025.elf.dir/Middlewares/Third_Party/FreeRTOS/Source/portable/GCC/ARM_CM4F/port.c.obj
                0x080049d0                SVC_Handler
 .text.vPortEnterCritical
                0x080049f4       0x44 CMakeFiles/bubing_RM2025.elf.dir/Middlewares/Third_Party/FreeRTOS/Source/portable/GCC/ARM_CM4F/port.c.obj
                0x080049f4                vPortEnterCritical
 .text.vPortExitCritical
                0x08004a38       0x2c CMakeFiles/bubing_RM2025.elf.dir/Middlewares/Third_Party/FreeRTOS/Source/portable/GCC/ARM_CM4F/port.c.obj
                0x08004a38                vPortExitCritical
 *fill*         0x08004a64        0xc 
 .text.PendSV_Handler
                0x08004a70       0x64 CMakeFiles/bubing_RM2025.elf.dir/Middlewares/Third_Party/FreeRTOS/Source/portable/GCC/ARM_CM4F/port.c.obj
                0x08004a70                PendSV_Handler
 .text.SysTick_Handler
                0x08004ad4       0x2c CMakeFiles/bubing_RM2025.elf.dir/Middlewares/Third_Party/FreeRTOS/Source/portable/GCC/ARM_CM4F/port.c.obj
                0x08004ad4                SysTick_Handler
 .text.vPortSetupTimerInterrupt
                0x08004b00       0x28 CMakeFiles/bubing_RM2025.elf.dir/Middlewares/Third_Party/FreeRTOS/Source/portable/GCC/ARM_CM4F/port.c.obj
                0x08004b00                vPortSetupTimerInterrupt
 .text.xPortStartScheduler
                0x08004b28      0x118 CMakeFiles/bubing_RM2025.elf.dir/Middlewares/Third_Party/FreeRTOS/Source/portable/GCC/ARM_CM4F/port.c.obj
                0x08004b28                xPortStartScheduler
 .text.prvHeapInit
                0x08004c40       0x64 CMakeFiles/bubing_RM2025.elf.dir/Middlewares/Third_Party/FreeRTOS/Source/portable/MemMang/heap_4.c.obj
 .text.prvInsertBlockIntoFreeList
                0x08004ca4       0x64 CMakeFiles/bubing_RM2025.elf.dir/Middlewares/Third_Party/FreeRTOS/Source/portable/MemMang/heap_4.c.obj
 .text.pvPortMalloc
                0x08004d08      0x104 CMakeFiles/bubing_RM2025.elf.dir/Middlewares/Third_Party/FreeRTOS/Source/portable/MemMang/heap_4.c.obj
                0x08004d08                pvPortMalloc
 .text.vPortFree
                0x08004e0c       0x7c CMakeFiles/bubing_RM2025.elf.dir/Middlewares/Third_Party/FreeRTOS/Source/portable/MemMang/heap_4.c.obj
                0x08004e0c                vPortFree
 .text.prvResetNextTaskUnblockTime
                0x08004e88       0x2c CMakeFiles/bubing_RM2025.elf.dir/Middlewares/Third_Party/FreeRTOS/Source/tasks.c.obj
 .text.prvInitialiseNewTask
                0x08004eb4       0xfc CMakeFiles/bubing_RM2025.elf.dir/Middlewares/Third_Party/FreeRTOS/Source/tasks.c.obj
 .text.prvInitialiseTaskLists
                0x08004fb0       0x68 CMakeFiles/bubing_RM2025.elf.dir/Middlewares/Third_Party/FreeRTOS/Source/tasks.c.obj
 .text.prvAddNewTaskToReadyList
                0x08005018       0xa8 CMakeFiles/bubing_RM2025.elf.dir/Middlewares/Third_Party/FreeRTOS/Source/tasks.c.obj
 .text.prvDeleteTCB
                0x080050c0       0x40 CMakeFiles/bubing_RM2025.elf.dir/Middlewares/Third_Party/FreeRTOS/Source/tasks.c.obj
 .text.prvCheckTasksWaitingTermination
                0x08005100       0x4c CMakeFiles/bubing_RM2025.elf.dir/Middlewares/Third_Party/FreeRTOS/Source/tasks.c.obj
 .text.prvIdleTask
                0x0800514c       0x28 CMakeFiles/bubing_RM2025.elf.dir/Middlewares/Third_Party/FreeRTOS/Source/tasks.c.obj
 .text.prvAddCurrentTaskToDelayedList
                0x08005174       0x98 CMakeFiles/bubing_RM2025.elf.dir/Middlewares/Third_Party/FreeRTOS/Source/tasks.c.obj
 .text.xTaskCreateStatic
                0x0800520c       0x7a CMakeFiles/bubing_RM2025.elf.dir/Middlewares/Third_Party/FreeRTOS/Source/tasks.c.obj
                0x0800520c                xTaskCreateStatic
 .text.xTaskCreate
                0x08005286       0x66 CMakeFiles/bubing_RM2025.elf.dir/Middlewares/Third_Party/FreeRTOS/Source/tasks.c.obj
                0x08005286                xTaskCreate
 .text.vTaskStartScheduler
                0x080052ec       0x84 CMakeFiles/bubing_RM2025.elf.dir/Middlewares/Third_Party/FreeRTOS/Source/tasks.c.obj
                0x080052ec                vTaskStartScheduler
 .text.vTaskSuspendAll
                0x08005370       0x10 CMakeFiles/bubing_RM2025.elf.dir/Middlewares/Third_Party/FreeRTOS/Source/tasks.c.obj
                0x08005370                vTaskSuspendAll
 .text.xTaskIncrementTick
                0x08005380      0x118 CMakeFiles/bubing_RM2025.elf.dir/Middlewares/Third_Party/FreeRTOS/Source/tasks.c.obj
                0x08005380                xTaskIncrementTick
 .text.xTaskResumeAll
                0x08005498       0xf8 CMakeFiles/bubing_RM2025.elf.dir/Middlewares/Third_Party/FreeRTOS/Source/tasks.c.obj
                0x08005498                xTaskResumeAll
 .text.vTaskDelay
                0x08005590       0x4c CMakeFiles/bubing_RM2025.elf.dir/Middlewares/Third_Party/FreeRTOS/Source/tasks.c.obj
                0x08005590                vTaskDelay
 .text.vTaskSwitchContext
                0x080055dc       0xa4 CMakeFiles/bubing_RM2025.elf.dir/Middlewares/Third_Party/FreeRTOS/Source/tasks.c.obj
                0x080055dc                vTaskSwitchContext
 .text.HAL_CAN_RxFifo0MsgPendingCallback
                0x08005680      0x104 CMakeFiles/bubing_RM2025.elf.dir/code_mf/Src/CAN_receive.c.obj
                0x08005680                HAL_CAN_RxFifo0MsgPendingCallback
 .text.CAN2_cmd_pitch
                0x08005784       0x58 CMakeFiles/bubing_RM2025.elf.dir/code_mf/Src/CAN_receive.c.obj
                0x08005784                CAN2_cmd_pitch
 .text.CAN2_cmd_shoot
                0x080057dc       0x58 CMakeFiles/bubing_RM2025.elf.dir/code_mf/Src/CAN_receive.c.obj
                0x080057dc                CAN2_cmd_shoot
 .text.CAN2_cmd_friction_wheels
                0x08005834       0x54 CMakeFiles/bubing_RM2025.elf.dir/code_mf/Src/CAN_receive.c.obj
                0x08005834                CAN2_cmd_friction_wheels
 .text.CAN1_cmd_chassis
                0x08005888       0x54 CMakeFiles/bubing_RM2025.elf.dir/code_mf/Src/CAN_receive.c.obj
                0x08005888                CAN1_cmd_chassis
 .text.CAN1_cmd_yaw
                0x080058dc       0x54 CMakeFiles/bubing_RM2025.elf.dir/code_mf/Src/CAN_receive.c.obj
                0x080058dc                CAN1_cmd_yaw
 .text.board_LED
                0x08005930       0x40 CMakeFiles/bubing_RM2025.elf.dir/code_mf/Src/board_LED.c.obj
                0x08005930                board_LED
 .text.can_filter_init
                0x08005970       0x5c CMakeFiles/bubing_RM2025.elf.dir/code_mf/Src/bsp_can.c.obj
                0x08005970                can_filter_init
 .text.RC_init  0x080059cc       0x68 CMakeFiles/bubing_RM2025.elf.dir/code_mf/Src/bsp_rc.c.obj
                0x080059cc                RC_init
 .text.can_cmd_all
                0x08005a34       0x52 CMakeFiles/bubing_RM2025.elf.dir/code_mf/Src/can_sent.c.obj
                0x08005a34                can_cmd_all
 *fill*         0x08005a86        0x2 
 .text.can_sent
                0x08005a88      0x164 CMakeFiles/bubing_RM2025.elf.dir/code_mf/Src/can_sent.c.obj
                0x08005a88                can_sent
 .text.rc_to_gimbal_speed_compute
                0x08005bec      0x188 CMakeFiles/bubing_RM2025.elf.dir/code_mf/Src/chassis_motor_control.c.obj
                0x08005bec                rc_to_gimbal_speed_compute
 .text.yaw_ecd_angle_to_radian
                0x08005d74       0x44 CMakeFiles/bubing_RM2025.elf.dir/code_mf/Src/chassis_motor_control.c.obj
                0x08005d74                yaw_ecd_angle_to_radian
 .text.gimbal_to_chassis_speed_compute
                0x08005db8       0x8c CMakeFiles/bubing_RM2025.elf.dir/code_mf/Src/chassis_motor_control.c.obj
                0x08005db8                gimbal_to_chassis_speed_compute
 .text.chassis_settlement
                0x08005e44      0x1fc CMakeFiles/bubing_RM2025.elf.dir/code_mf/Src/chassis_motor_control.c.obj
                0x08005e44                chassis_settlement
 .text.chassis_3508_id1_speed_pid_init
                0x08006040       0x28 CMakeFiles/bubing_RM2025.elf.dir/code_mf/Src/chassis_motor_control.c.obj
                0x08006040                chassis_3508_id1_speed_pid_init
 .text.chassis_3508_id1_speed_pid_loop
                0x08006068       0x38 CMakeFiles/bubing_RM2025.elf.dir/code_mf/Src/chassis_motor_control.c.obj
                0x08006068                chassis_3508_id1_speed_pid_loop
 .text.chassis_3508_id2_speed_pid_init
                0x080060a0       0x28 CMakeFiles/bubing_RM2025.elf.dir/code_mf/Src/chassis_motor_control.c.obj
                0x080060a0                chassis_3508_id2_speed_pid_init
 .text.chassis_3508_id2_speed_pid_loop
                0x080060c8       0x38 CMakeFiles/bubing_RM2025.elf.dir/code_mf/Src/chassis_motor_control.c.obj
                0x080060c8                chassis_3508_id2_speed_pid_loop
 .text.chassis_3508_id3_speed_pid_init
                0x08006100       0x28 CMakeFiles/bubing_RM2025.elf.dir/code_mf/Src/chassis_motor_control.c.obj
                0x08006100                chassis_3508_id3_speed_pid_init
 .text.chassis_3508_id3_speed_pid_loop
                0x08006128       0x38 CMakeFiles/bubing_RM2025.elf.dir/code_mf/Src/chassis_motor_control.c.obj
                0x08006128                chassis_3508_id3_speed_pid_loop
 .text.chassis_3508_id4_speed_pid_init
                0x08006160       0x28 CMakeFiles/bubing_RM2025.elf.dir/code_mf/Src/chassis_motor_control.c.obj
                0x08006160                chassis_3508_id4_speed_pid_init
 .text.chassis_3508_id4_speed_pid_loop
                0x08006188       0x38 CMakeFiles/bubing_RM2025.elf.dir/code_mf/Src/chassis_motor_control.c.obj
                0x08006188                chassis_3508_id4_speed_pid_loop
 .text.motor_chassis_pid_compute
                0x080061c0       0x5c CMakeFiles/bubing_RM2025.elf.dir/code_mf/Src/chassis_motor_control.c.obj
                0x080061c0                motor_chassis_pid_compute
 .text.chassis_motor_control
                0x0800621c       0x1e CMakeFiles/bubing_RM2025.elf.dir/code_mf/Src/chassis_motor_control.c.obj
                0x0800621c                chassis_motor_control
 *fill*         0x0800623a        0x2 
 .text.chassis_follow_gimbal_angle_pid_init
                0x0800623c       0x28 CMakeFiles/bubing_RM2025.elf.dir/code_mf/Src/chassis_motor_control.c.obj
                0x0800623c                chassis_follow_gimbal_angle_pid_init
 .text.rc_connection_status
                0x08006264       0x2c CMakeFiles/bubing_RM2025.elf.dir/code_mf/Src/error_detection.c.obj
                0x08006264                rc_connection_status
 .text.imu_connection_status
                0x08006290       0x28 CMakeFiles/bubing_RM2025.elf.dir/code_mf/Src/error_detection.c.obj
                0x08006290                imu_connection_status
 .text.yaw_6020_status
                0x080062b8       0x24 CMakeFiles/bubing_RM2025.elf.dir/code_mf/Src/error_detection.c.obj
                0x080062b8                yaw_6020_status
 .text.pitch_6020_status
                0x080062dc       0x24 CMakeFiles/bubing_RM2025.elf.dir/code_mf/Src/error_detection.c.obj
                0x080062dc                pitch_6020_status
 .text.error_detection
                0x08006300       0x1a CMakeFiles/bubing_RM2025.elf.dir/code_mf/Src/error_detection.c.obj
                0x08006300                error_detection
 *fill*         0x0800631a        0x2 
 .text.get_rc   0x0800631c      0x228 CMakeFiles/bubing_RM2025.elf.dir/code_mf/Src/get_rc.c.obj
                0x0800631c                get_rc
 *fill*         0x08006544        0x4 
 .text.motor_gimbal_speed_compute
                0x08006548      0x14c CMakeFiles/bubing_RM2025.elf.dir/code_mf/Src/gimbal_motor_control.c.obj
                0x08006548                motor_gimbal_speed_compute
 .text.friction_wheel_speed_control
                0x08006694       0x34 CMakeFiles/bubing_RM2025.elf.dir/code_mf/Src/gimbal_motor_control.c.obj
                0x08006694                friction_wheel_speed_control
 .text.yaw_angle_pid_init
                0x080066c8       0x28 CMakeFiles/bubing_RM2025.elf.dir/code_mf/Src/gimbal_motor_control.c.obj
                0x080066c8                yaw_angle_pid_init
 .text.yaw_speed_pid_init
                0x080066f0       0x28 CMakeFiles/bubing_RM2025.elf.dir/code_mf/Src/gimbal_motor_control.c.obj
                0x080066f0                yaw_speed_pid_init
 .text.yaw_speed_pid_loop
                0x08006718       0x34 CMakeFiles/bubing_RM2025.elf.dir/code_mf/Src/gimbal_motor_control.c.obj
                0x08006718                yaw_speed_pid_loop
 .text.pitch_speed_pid_init
                0x0800674c       0x28 CMakeFiles/bubing_RM2025.elf.dir/code_mf/Src/gimbal_motor_control.c.obj
                0x0800674c                pitch_speed_pid_init
 .text.pitch_speed_pid_loop
                0x08006774       0x3c CMakeFiles/bubing_RM2025.elf.dir/code_mf/Src/gimbal_motor_control.c.obj
                0x08006774                pitch_speed_pid_loop
 .text.motor_gimbal_pid_compute
                0x080067b0       0x40 CMakeFiles/bubing_RM2025.elf.dir/code_mf/Src/gimbal_motor_control.c.obj
                0x080067b0                motor_gimbal_pid_compute
 .text.pitch_angle_pid_init
                0x080067f0       0x24 CMakeFiles/bubing_RM2025.elf.dir/code_mf/Src/gimbal_motor_control.c.obj
                0x080067f0                pitch_angle_pid_init
 .text.friction_wheel_3510_id1_speed_pid_init
                0x08006814       0x28 CMakeFiles/bubing_RM2025.elf.dir/code_mf/Src/gimbal_motor_control.c.obj
                0x08006814                friction_wheel_3510_id1_speed_pid_init
 .text.friction_wheel_3510_id1_speed_pid_loop
                0x0800683c       0x38 CMakeFiles/bubing_RM2025.elf.dir/code_mf/Src/gimbal_motor_control.c.obj
                0x0800683c                friction_wheel_3510_id1_speed_pid_loop
 .text.friction_wheel_3510_id2_speed_pid_init
                0x08006874       0x28 CMakeFiles/bubing_RM2025.elf.dir/code_mf/Src/gimbal_motor_control.c.obj
                0x08006874                friction_wheel_3510_id2_speed_pid_init
 .text.friction_wheel_3510_id2_speed_pid_loop
                0x0800689c       0x38 CMakeFiles/bubing_RM2025.elf.dir/code_mf/Src/gimbal_motor_control.c.obj
                0x0800689c                friction_wheel_3510_id2_speed_pid_loop
 .text.friction_wheel_pid_control
                0x080068d4       0x30 CMakeFiles/bubing_RM2025.elf.dir/code_mf/Src/gimbal_motor_control.c.obj
                0x080068d4                friction_wheel_pid_control
 .text.gimbal_motor_control
                0x08006904       0x1e CMakeFiles/bubing_RM2025.elf.dir/code_mf/Src/gimbal_motor_control.c.obj
                0x08006904                gimbal_motor_control
 *fill*         0x08006922        0x2 
 .text.jy61p_Receive_Angle_Data
                0x08006924      0x120 CMakeFiles/bubing_RM2025.elf.dir/code_mf/Src/jy61p.c.obj
                0x08006924                jy61p_Receive_Angle_Data
 .text.jy61p_Receive_Speed_Data
                0x08006a44      0x120 CMakeFiles/bubing_RM2025.elf.dir/code_mf/Src/jy61p.c.obj
                0x08006a44                jy61p_Receive_Speed_Data
 .text.PID_init
                0x08006b64       0x32 CMakeFiles/bubing_RM2025.elf.dir/code_mf/Src/pid.c.obj
                0x08006b64                PID_init
 *fill*         0x08006b96        0x2 
 .text.PID_calc
                0x08006b98      0x158 CMakeFiles/bubing_RM2025.elf.dir/code_mf/Src/pid.c.obj
                0x08006b98                PID_calc
 .text.max_power_compute
                0x08006cf0       0x98 CMakeFiles/bubing_RM2025.elf.dir/code_mf/Src/refree_task.c.obj
                0x08006cf0                max_power_compute
 .text.refree_task
                0x08006d88       0x78 CMakeFiles/bubing_RM2025.elf.dir/code_mf/Src/refree_task.c.obj
                0x08006d88                refree_task
 .text.sbus_to_rc
                0x08006e00       0xde CMakeFiles/bubing_RM2025.elf.dir/code_mf/Src/remote_control.c.obj
 *fill*         0x08006ede        0x2 
 .text.remote_control_init
                0x08006ee0       0x14 CMakeFiles/bubing_RM2025.elf.dir/code_mf/Src/remote_control.c.obj
                0x08006ee0                remote_control_init
 .text.get_remote_control_point
                0x08006ef4        0x8 CMakeFiles/bubing_RM2025.elf.dir/code_mf/Src/remote_control.c.obj
                0x08006ef4                get_remote_control_point
 .text.USART3_IRQHandler
                0x08006efc       0xf0 CMakeFiles/bubing_RM2025.elf.dir/code_mf/Src/remote_control.c.obj
                0x08006efc                USART3_IRQHandler
 .text.servo_task
                0x08006fec       0xc4 CMakeFiles/bubing_RM2025.elf.dir/code_mf/Src/servo_task.c.obj
                0x08006fec                servo_task
 .text.shoot_speed_compute
                0x080070b0       0x64 CMakeFiles/bubing_RM2025.elf.dir/code_mf/Src/shoot_control.c.obj
                0x080070b0                shoot_speed_compute
 .text.shoot_control
                0x08007114       0x64 CMakeFiles/bubing_RM2025.elf.dir/code_mf/Src/shoot_control.c.obj
                0x08007114                shoot_control
 .text.shoot_2006_id3_speed_pid_init
                0x08007178       0x28 CMakeFiles/bubing_RM2025.elf.dir/code_mf/Src/shoot_control.c.obj
                0x08007178                shoot_2006_id3_speed_pid_init
 .text.shoot_2006_id3_speed_pid_loop
                0x080071a0       0x34 CMakeFiles/bubing_RM2025.elf.dir/code_mf/Src/shoot_control.c.obj
                0x080071a0                shoot_2006_id3_speed_pid_loop
 .text.shoot_pid_control
                0x080071d4       0x1c CMakeFiles/bubing_RM2025.elf.dir/code_mf/Src/shoot_control.c.obj
                0x080071d4                shoot_pid_control
 .text.HAL_UART_RxCpltCallback
                0x080071f0       0x2c CMakeFiles/bubing_RM2025.elf.dir/code_mf/Src/uart_callback.c.obj
                0x080071f0                HAL_UART_RxCpltCallback
 .text.usart6_printf
                0x0800721c       0x40 CMakeFiles/bubing_RM2025.elf.dir/code_mf/Src/uart_printf.c.obj
                0x0800721c                usart6_printf
 .text.uart_sent
                0x0800725c       0x3c CMakeFiles/bubing_RM2025.elf.dir/code_mf/Src/uart_sent.c.obj
                0x0800725c                uart_sent
 .text.__udivmoddi4
                0x08007298      0x2bc C:/CLionToolchains/gcc-arm-none-eabi-10.3-2021.10/bin/../lib/gcc/arm-none-eabi/13.3.1/thumb/v7e-m+fp/hard\libgcc.a(_udivmoddi4.o)
                0x08007298                __udivmoddi4
 .text.stdio_exit_handler
                0x08007554       0x18 C:/CLionToolchains/gcc-arm-none-eabi-10.3-2021.10/bin/../lib/gcc/arm-none-eabi/13.3.1/thumb/v7e-m+fp/hard\libg.a(libc_a-findfp.o)
 .text.cleanup_stdio
                0x0800756c       0x40 C:/CLionToolchains/gcc-arm-none-eabi-10.3-2021.10/bin/../lib/gcc/arm-none-eabi/13.3.1/thumb/v7e-m+fp/hard\libg.a(libc_a-findfp.o)
 .text.global_stdio_init.part.0
                0x080075ac       0xf0 C:/CLionToolchains/gcc-arm-none-eabi-10.3-2021.10/bin/../lib/gcc/arm-none-eabi/13.3.1/thumb/v7e-m+fp/hard\libg.a(libc_a-findfp.o)
 .text.__sinit  0x0800769c       0x3c C:/CLionToolchains/gcc-arm-none-eabi-10.3-2021.10/bin/../lib/gcc/arm-none-eabi/13.3.1/thumb/v7e-m+fp/hard\libg.a(libc_a-findfp.o)
                0x0800769c                __sinit
 .text.__sfp_lock_acquire
                0x080076d8        0xc C:/CLionToolchains/gcc-arm-none-eabi-10.3-2021.10/bin/../lib/gcc/arm-none-eabi/13.3.1/thumb/v7e-m+fp/hard\libg.a(libc_a-findfp.o)
                0x080076d8                __sfp_lock_acquire
 .text.__sfp_lock_release
                0x080076e4        0xc C:/CLionToolchains/gcc-arm-none-eabi-10.3-2021.10/bin/../lib/gcc/arm-none-eabi/13.3.1/thumb/v7e-m+fp/hard\libg.a(libc_a-findfp.o)
                0x080076e4                __sfp_lock_release
 .text._fwalk_sglue
                0x080076f0       0x44 C:/CLionToolchains/gcc-arm-none-eabi-10.3-2021.10/bin/../lib/gcc/arm-none-eabi/13.3.1/thumb/v7e-m+fp/hard\libg.a(libc_a-fwalk.o)
                0x080076f0                _fwalk_sglue
 .text.__sread  0x08007734       0x24 C:/CLionToolchains/gcc-arm-none-eabi-10.3-2021.10/bin/../lib/gcc/arm-none-eabi/13.3.1/thumb/v7e-m+fp/hard\libg.a(libc_a-stdio.o)
                0x08007734                __sread
 .text.__swrite
                0x08007758       0x40 C:/CLionToolchains/gcc-arm-none-eabi-10.3-2021.10/bin/../lib/gcc/arm-none-eabi/13.3.1/thumb/v7e-m+fp/hard\libg.a(libc_a-stdio.o)
                0x08007758                __swrite
 .text.__sseek  0x08007798       0x24 C:/CLionToolchains/gcc-arm-none-eabi-10.3-2021.10/bin/../lib/gcc/arm-none-eabi/13.3.1/thumb/v7e-m+fp/hard\libg.a(libc_a-stdio.o)
                0x08007798                __sseek
 .text.__sclose
                0x080077bc        0x8 C:/CLionToolchains/gcc-arm-none-eabi-10.3-2021.10/bin/../lib/gcc/arm-none-eabi/13.3.1/thumb/v7e-m+fp/hard\libg.a(libc_a-stdio.o)
                0x080077bc                __sclose
 .text.vsprintf
                0x080077c4       0x38 C:/CLionToolchains/gcc-arm-none-eabi-10.3-2021.10/bin/../lib/gcc/arm-none-eabi/13.3.1/thumb/v7e-m+fp/hard\libg.a(libc_a-vsprintf.o)
                0x080077c4                vsprintf
 .text.memset   0x080077fc       0xa4 C:/CLionToolchains/gcc-arm-none-eabi-10.3-2021.10/bin/../lib/gcc/arm-none-eabi/13.3.1/thumb/v7e-m+fp/hard\libg.a(libc_a-memset.o)
                0x080077fc                memset
 .text._close_r
                0x080078a0       0x24 C:/CLionToolchains/gcc-arm-none-eabi-10.3-2021.10/bin/../lib/gcc/arm-none-eabi/13.3.1/thumb/v7e-m+fp/hard\libg.a(libc_a-closer.o)
                0x080078a0                _close_r
 .text._reclaim_reent
                0x080078c4       0x6c C:/CLionToolchains/gcc-arm-none-eabi-10.3-2021.10/bin/../lib/gcc/arm-none-eabi/13.3.1/thumb/v7e-m+fp/hard\libg.a(libc_a-reent.o)
                0x080078c4                _reclaim_reent
 .text._lseek_r
                0x08007930       0x2c C:/CLionToolchains/gcc-arm-none-eabi-10.3-2021.10/bin/../lib/gcc/arm-none-eabi/13.3.1/thumb/v7e-m+fp/hard\libg.a(libc_a-lseekr.o)
                0x08007930                _lseek_r
 .text._read_r  0x0800795c       0x2c C:/CLionToolchains/gcc-arm-none-eabi-10.3-2021.10/bin/../lib/gcc/arm-none-eabi/13.3.1/thumb/v7e-m+fp/hard\libg.a(libc_a-readr.o)
                0x0800795c                _read_r
 .text._write_r
                0x08007988       0x2c C:/CLionToolchains/gcc-arm-none-eabi-10.3-2021.10/bin/../lib/gcc/arm-none-eabi/13.3.1/thumb/v7e-m+fp/hard\libg.a(libc_a-writer.o)
                0x08007988                _write_r
 .text.__errno  0x080079b4        0xc C:/CLionToolchains/gcc-arm-none-eabi-10.3-2021.10/bin/../lib/gcc/arm-none-eabi/13.3.1/thumb/v7e-m+fp/hard\libg.a(libc_a-errno.o)
                0x080079b4                __errno
 .text.__libc_init_array
                0x080079c0       0x50 C:/CLionToolchains/gcc-arm-none-eabi-10.3-2021.10/bin/../lib/gcc/arm-none-eabi/13.3.1/thumb/v7e-m+fp/hard\libg.a(libc_a-init.o)
                0x080079c0                __libc_init_array
 .text.__retarget_lock_init_recursive
                0x08007a10        0x4 C:/CLionToolchains/gcc-arm-none-eabi-10.3-2021.10/bin/../lib/gcc/arm-none-eabi/13.3.1/thumb/v7e-m+fp/hard\libg.a(libc_a-lock.o)
                0x08007a10                __retarget_lock_init_recursive
 .text.__retarget_lock_close_recursive
                0x08007a14        0x4 C:/CLionToolchains/gcc-arm-none-eabi-10.3-2021.10/bin/../lib/gcc/arm-none-eabi/13.3.1/thumb/v7e-m+fp/hard\libg.a(libc_a-lock.o)
                0x08007a14                __retarget_lock_close_recursive
 .text.__retarget_lock_acquire_recursive
                0x08007a18        0x4 C:/CLionToolchains/gcc-arm-none-eabi-10.3-2021.10/bin/../lib/gcc/arm-none-eabi/13.3.1/thumb/v7e-m+fp/hard\libg.a(libc_a-lock.o)
                0x08007a18                __retarget_lock_acquire_recursive
 .text.__retarget_lock_release_recursive
                0x08007a1c        0x4 C:/CLionToolchains/gcc-arm-none-eabi-10.3-2021.10/bin/../lib/gcc/arm-none-eabi/13.3.1/thumb/v7e-m+fp/hard\libg.a(libc_a-lock.o)
                0x08007a1c                __retarget_lock_release_recursive
 .text.startup.register_fini
                0x08007a20       0x14 C:/CLionToolchains/gcc-arm-none-eabi-10.3-2021.10/bin/../lib/gcc/arm-none-eabi/13.3.1/thumb/v7e-m+fp/hard\libg.a(libc_a-__call_atexit.o)
 .text.atexit   0x08007a34        0xc C:/CLionToolchains/gcc-arm-none-eabi-10.3-2021.10/bin/../lib/gcc/arm-none-eabi/13.3.1/thumb/v7e-m+fp/hard\libg.a(libc_a-atexit.o)
                0x08007a34                atexit
 .text._malloc_trim_r
                0x08007a40       0xb8 C:/CLionToolchains/gcc-arm-none-eabi-10.3-2021.10/bin/../lib/gcc/arm-none-eabi/13.3.1/thumb/v7e-m+fp/hard\libg.a(libc_a-freer.o)
                0x08007a40                _malloc_trim_r
 .text._free_r  0x08007af8      0x1f8 C:/CLionToolchains/gcc-arm-none-eabi-10.3-2021.10/bin/../lib/gcc/arm-none-eabi/13.3.1/thumb/v7e-m+fp/hard\libg.a(libc_a-freer.o)
                0x08007af8                _free_r
 .text._malloc_r
                0x08007cf0      0x564 C:/CLionToolchains/gcc-arm-none-eabi-10.3-2021.10/bin/../lib/gcc/arm-none-eabi/13.3.1/thumb/v7e-m+fp/hard\libg.a(libc_a-mallocr.o)
                0x08007cf0                _malloc_r
 .text.__malloc_lock
                0x08008254        0xc C:/CLionToolchains/gcc-arm-none-eabi-10.3-2021.10/bin/../lib/gcc/arm-none-eabi/13.3.1/thumb/v7e-m+fp/hard\libg.a(libc_a-mlock.o)
                0x08008254                __malloc_lock
 .text.__malloc_unlock
                0x08008260        0xc C:/CLionToolchains/gcc-arm-none-eabi-10.3-2021.10/bin/../lib/gcc/arm-none-eabi/13.3.1/thumb/v7e-m+fp/hard\libg.a(libc_a-mlock.o)
                0x08008260                __malloc_unlock
 *fill*         0x0800826c        0x4 
 .text._svfprintf_r
                0x08008270     0x1b3c C:/CLionToolchains/gcc-arm-none-eabi-10.3-2021.10/bin/../lib/gcc/arm-none-eabi/13.3.1/thumb/v7e-m+fp/hard\libg.a(libc_a-svfprintf.o)
                0x08008270                _svfprintf_r
 .text.__ssprint_r
                0x08009dac       0x58 C:/CLionToolchains/gcc-arm-none-eabi-10.3-2021.10/bin/../lib/gcc/arm-none-eabi/13.3.1/thumb/v7e-m+fp/hard\libg.a(libc_a-ssprint_r.o)
                0x08009dac                __ssprint_r
 .text._fclose_r
                0x08009e04       0xc0 C:/CLionToolchains/gcc-arm-none-eabi-10.3-2021.10/bin/../lib/gcc/arm-none-eabi/13.3.1/thumb/v7e-m+fp/hard\libg.a(libc_a-fclose.o)
                0x08009e04                _fclose_r
 .text.__sflush_r
                0x08009ec4      0x138 C:/CLionToolchains/gcc-arm-none-eabi-10.3-2021.10/bin/../lib/gcc/arm-none-eabi/13.3.1/thumb/v7e-m+fp/hard\libg.a(libc_a-fflush.o)
                0x08009ec4                __sflush_r
 .text._fflush_r
                0x08009ffc       0x54 C:/CLionToolchains/gcc-arm-none-eabi-10.3-2021.10/bin/../lib/gcc/arm-none-eabi/13.3.1/thumb/v7e-m+fp/hard\libg.a(libc_a-fflush.o)
                0x08009ffc                _fflush_r
 .text.strncpy  0x0800a050       0x68 C:/CLionToolchains/gcc-arm-none-eabi-10.3-2021.10/bin/../lib/gcc/arm-none-eabi/13.3.1/thumb/v7e-m+fp/hard\libg.a(libc_a-strncpy.o)
                0x0800a050                strncpy
 .text.__locale_mb_cur_max
                0x0800a0b8        0xc C:/CLionToolchains/gcc-arm-none-eabi-10.3-2021.10/bin/../lib/gcc/arm-none-eabi/13.3.1/thumb/v7e-m+fp/hard\libg.a(libc_a-locale.o)
                0x0800a0b8                __locale_mb_cur_max
 .text._localeconv_r
                0x0800a0c4        0x8 C:/CLionToolchains/gcc-arm-none-eabi-10.3-2021.10/bin/../lib/gcc/arm-none-eabi/13.3.1/thumb/v7e-m+fp/hard\libg.a(libc_a-localeconv.o)
                0x0800a0c4                _localeconv_r
 .text._sbrk_r  0x0800a0cc       0x24 C:/CLionToolchains/gcc-arm-none-eabi-10.3-2021.10/bin/../lib/gcc/arm-none-eabi/13.3.1/thumb/v7e-m+fp/hard\libg.a(libc_a-sbrkr.o)
                0x0800a0cc                _sbrk_r
 .text.__libc_fini_array
                0x0800a0f0       0x28 C:/CLionToolchains/gcc-arm-none-eabi-10.3-2021.10/bin/../lib/gcc/arm-none-eabi/13.3.1/thumb/v7e-m+fp/hard\libg.a(libc_a-fini.o)
                0x0800a0f0                __libc_fini_array
 .text.sysconf  0x0800a118       0x1c C:/CLionToolchains/gcc-arm-none-eabi-10.3-2021.10/bin/../lib/gcc/arm-none-eabi/13.3.1/thumb/v7e-m+fp/hard\libg.a(libc_a-sysconf.o)
                0x0800a118                sysconf
 .text.frexp    0x0800a134       0x64 C:/CLionToolchains/gcc-arm-none-eabi-10.3-2021.10/bin/../lib/gcc/arm-none-eabi/13.3.1/thumb/v7e-m+fp/hard\libg.a(libm_a-s_frexp.o)
                0x0800a134                frexp
 .text.__register_exitproc
                0x0800a198       0x80 C:/CLionToolchains/gcc-arm-none-eabi-10.3-2021.10/bin/../lib/gcc/arm-none-eabi/13.3.1/thumb/v7e-m+fp/hard\libg.a(libc_a-__atexit.o)
                0x0800a198                __register_exitproc
 .text.quorem   0x0800a218      0x12c C:/CLionToolchains/gcc-arm-none-eabi-10.3-2021.10/bin/../lib/gcc/arm-none-eabi/13.3.1/thumb/v7e-m+fp/hard\libg.a(libc_a-dtoa.o)
 *fill*         0x0800a344        0x4 
 .text._dtoa_r  0x0800a348      0xe80 C:/CLionToolchains/gcc-arm-none-eabi-10.3-2021.10/bin/../lib/gcc/arm-none-eabi/13.3.1/thumb/v7e-m+fp/hard\libg.a(libc_a-dtoa.o)
                0x0800a348                _dtoa_r
 .text.__ascii_mbtowc
                0x0800b1c8       0x2c C:/CLionToolchains/gcc-arm-none-eabi-10.3-2021.10/bin/../lib/gcc/arm-none-eabi/13.3.1/thumb/v7e-m+fp/hard\libg.a(libc_a-mbtowc_r.o)
                0x0800b1c8                __ascii_mbtowc
 .text._Balloc  0x0800b1f4       0x4c C:/CLionToolchains/gcc-arm-none-eabi-10.3-2021.10/bin/../lib/gcc/arm-none-eabi/13.3.1/thumb/v7e-m+fp/hard\libg.a(libc_a-mprec.o)
                0x0800b1f4                _Balloc
 .text._Bfree   0x0800b240       0x14 C:/CLionToolchains/gcc-arm-none-eabi-10.3-2021.10/bin/../lib/gcc/arm-none-eabi/13.3.1/thumb/v7e-m+fp/hard\libg.a(libc_a-mprec.o)
                0x0800b240                _Bfree
 .text.__multadd
                0x0800b254       0xa0 C:/CLionToolchains/gcc-arm-none-eabi-10.3-2021.10/bin/../lib/gcc/arm-none-eabi/13.3.1/thumb/v7e-m+fp/hard\libg.a(libc_a-mprec.o)
                0x0800b254                __multadd
 .text.__hi0bits
                0x0800b2f4       0x44 C:/CLionToolchains/gcc-arm-none-eabi-10.3-2021.10/bin/../lib/gcc/arm-none-eabi/13.3.1/thumb/v7e-m+fp/hard\libg.a(libc_a-mprec.o)
                0x0800b2f4                __hi0bits
 .text.__lo0bits
                0x0800b338       0x60 C:/CLionToolchains/gcc-arm-none-eabi-10.3-2021.10/bin/../lib/gcc/arm-none-eabi/13.3.1/thumb/v7e-m+fp/hard\libg.a(libc_a-mprec.o)
                0x0800b338                __lo0bits
 .text.__i2b    0x0800b398       0x5c C:/CLionToolchains/gcc-arm-none-eabi-10.3-2021.10/bin/../lib/gcc/arm-none-eabi/13.3.1/thumb/v7e-m+fp/hard\libg.a(libc_a-mprec.o)
                0x0800b398                __i2b
 .text.__multiply
                0x0800b3f4      0x16c C:/CLionToolchains/gcc-arm-none-eabi-10.3-2021.10/bin/../lib/gcc/arm-none-eabi/13.3.1/thumb/v7e-m+fp/hard\libg.a(libc_a-mprec.o)
                0x0800b3f4                __multiply
 .text.__pow5mult
                0x0800b560       0xb4 C:/CLionToolchains/gcc-arm-none-eabi-10.3-2021.10/bin/../lib/gcc/arm-none-eabi/13.3.1/thumb/v7e-m+fp/hard\libg.a(libc_a-mprec.o)
                0x0800b560                __pow5mult
 .text.__lshift
                0x0800b614       0xf0 C:/CLionToolchains/gcc-arm-none-eabi-10.3-2021.10/bin/../lib/gcc/arm-none-eabi/13.3.1/thumb/v7e-m+fp/hard\libg.a(libc_a-mprec.o)
                0x0800b614                __lshift
 .text.__mcmp   0x0800b704       0x44 C:/CLionToolchains/gcc-arm-none-eabi-10.3-2021.10/bin/../lib/gcc/arm-none-eabi/13.3.1/thumb/v7e-m+fp/hard\libg.a(libc_a-mprec.o)
                0x0800b704                __mcmp
 .text.__mdiff  0x0800b748      0x178 C:/CLionToolchains/gcc-arm-none-eabi-10.3-2021.10/bin/../lib/gcc/arm-none-eabi/13.3.1/thumb/v7e-m+fp/hard\libg.a(libc_a-mprec.o)
                0x0800b748                __mdiff
 .text.__d2b    0x0800b8c0       0xc0 C:/CLionToolchains/gcc-arm-none-eabi-10.3-2021.10/bin/../lib/gcc/arm-none-eabi/13.3.1/thumb/v7e-m+fp/hard\libg.a(libc_a-mprec.o)
                0x0800b8c0                __d2b
 .text.__ascii_wctomb
                0x0800b980       0x1c C:/CLionToolchains/gcc-arm-none-eabi-10.3-2021.10/bin/../lib/gcc/arm-none-eabi/13.3.1/thumb/v7e-m+fp/hard\libg.a(libc_a-wctomb_r.o)
                0x0800b980                __ascii_wctomb
 .text._wcrtomb_r
                0x0800b99c       0x4c C:/CLionToolchains/gcc-arm-none-eabi-10.3-2021.10/bin/../lib/gcc/arm-none-eabi/13.3.1/thumb/v7e-m+fp/hard\libg.a(libc_a-wcrtomb.o)
                0x0800b99c                _wcrtomb_r
 .text._wcsrtombs_r
                0x0800b9e8       0x18 C:/CLionToolchains/gcc-arm-none-eabi-10.3-2021.10/bin/../lib/gcc/arm-none-eabi/13.3.1/thumb/v7e-m+fp/hard\libg.a(libc_a-wcsrtombs.o)
                0x0800b9e8                _wcsrtombs_r
 .text.__ssputs_r
                0x0800ba00       0xc0 C:/CLionToolchains/gcc-arm-none-eabi-10.3-2021.10/bin/../lib/gcc/arm-none-eabi/13.3.1/thumb/v7e-m+fp/hard\libg.a(libc_a-ssputs_r.o)
                0x0800ba00                __ssputs_r
 .text.memmove  0x0800bac0      0x100 C:/CLionToolchains/gcc-arm-none-eabi-10.3-2021.10/bin/../lib/gcc/arm-none-eabi/13.3.1/thumb/v7e-m+fp/hard\libg.a(libc_a-memmove.o)
                0x0800bac0                memmove
 .text.__assert_func
                0x0800bbc0       0x40 C:/CLionToolchains/gcc-arm-none-eabi-10.3-2021.10/bin/../lib/gcc/arm-none-eabi/13.3.1/thumb/v7e-m+fp/hard\libg.a(libc_a-assert.o)
                0x0800bbc0                __assert_func
 .text._calloc_r
                0x0800bc00       0x6c C:/CLionToolchains/gcc-arm-none-eabi-10.3-2021.10/bin/../lib/gcc/arm-none-eabi/13.3.1/thumb/v7e-m+fp/hard\libg.a(libc_a-callocr.o)
                0x0800bc00                _calloc_r
 .text._realloc_r
                0x0800bc6c      0x344 C:/CLionToolchains/gcc-arm-none-eabi-10.3-2021.10/bin/../lib/gcc/arm-none-eabi/13.3.1/thumb/v7e-m+fp/hard\libg.a(libc_a-reallocr.o)
                0x0800bc6c                _realloc_r
 .text._wcsnrtombs_l
                0x0800bfb0       0xfc C:/CLionToolchains/gcc-arm-none-eabi-10.3-2021.10/bin/../lib/gcc/arm-none-eabi/13.3.1/thumb/v7e-m+fp/hard\libg.a(libc_a-wcsnrtombs.o)
                0x0800bfb0                _wcsnrtombs_l
 .text._wcsnrtombs_r
                0x0800c0ac       0x24 C:/CLionToolchains/gcc-arm-none-eabi-10.3-2021.10/bin/../lib/gcc/arm-none-eabi/13.3.1/thumb/v7e-m+fp/hard\libg.a(libc_a-wcsnrtombs.o)
                0x0800c0ac                _wcsnrtombs_r
 .text.fiprintf
                0x0800c0d0       0x28 C:/CLionToolchains/gcc-arm-none-eabi-10.3-2021.10/bin/../lib/gcc/arm-none-eabi/13.3.1/thumb/v7e-m+fp/hard\libg.a(libc_a-fiprintf.o)
                0x0800c0d0                fiprintf
 .text._vfiprintf_r
                0x0800c0f8      0xe68 C:/CLionToolchains/gcc-arm-none-eabi-10.3-2021.10/bin/../lib/gcc/arm-none-eabi/13.3.1/thumb/v7e-m+fp/hard\libg.a(libc_a-vfiprintf.o)
                0x0800c0f8                _vfiprintf_r
 .text.__sbprintf
                0x0800cf60       0x80 C:/CLionToolchains/gcc-arm-none-eabi-10.3-2021.10/bin/../lib/gcc/arm-none-eabi/13.3.1/thumb/v7e-m+fp/hard\libg.a(libc_a-vfiprintf.o)
 .text.__sprint_r
                0x0800cfe0       0x20 C:/CLionToolchains/gcc-arm-none-eabi-10.3-2021.10/bin/../lib/gcc/arm-none-eabi/13.3.1/thumb/v7e-m+fp/hard\libg.a(libc_a-sprint_r.o)
                0x0800cfe0                __sprint_r
 .text.__sfvwrite_r
                0x0800d000      0x300 C:/CLionToolchains/gcc-arm-none-eabi-10.3-2021.10/bin/../lib/gcc/arm-none-eabi/13.3.1/thumb/v7e-m+fp/hard\libg.a(libc_a-fvwrite.o)
                0x0800d000                __sfvwrite_r
 .text.__swsetup_r
                0x0800d300       0xc4 C:/CLionToolchains/gcc-arm-none-eabi-10.3-2021.10/bin/../lib/gcc/arm-none-eabi/13.3.1/thumb/v7e-m+fp/hard\libg.a(libc_a-wsetup.o)
                0x0800d300                __swsetup_r
 .text.abort    0x0800d3c4       0x10 C:/CLionToolchains/gcc-arm-none-eabi-10.3-2021.10/bin/../lib/gcc/arm-none-eabi/13.3.1/thumb/v7e-m+fp/hard\libg.a(libc_a-abort.o)
                0x0800d3c4                abort
 .text.__smakebuf_r
                0x0800d3d4       0xdc C:/CLionToolchains/gcc-arm-none-eabi-10.3-2021.10/bin/../lib/gcc/arm-none-eabi/13.3.1/thumb/v7e-m+fp/hard\libg.a(libc_a-makebuf.o)
                0x0800d3d4                __smakebuf_r
 .text.raise    0x0800d4b0       0x58 C:/CLionToolchains/gcc-arm-none-eabi-10.3-2021.10/bin/../lib/gcc/arm-none-eabi/13.3.1/thumb/v7e-m+fp/hard\libg.a(libc_a-signal.o)
                0x0800d4b0                raise
 .text._fstat_r
                0x0800d508       0x2c C:/CLionToolchains/gcc-arm-none-eabi-10.3-2021.10/bin/../lib/gcc/arm-none-eabi/13.3.1/thumb/v7e-m+fp/hard\libg.a(libc_a-fstatr.o)
                0x0800d508                _fstat_r
 .text._isatty_r
                0x0800d534       0x24 C:/CLionToolchains/gcc-arm-none-eabi-10.3-2021.10/bin/../lib/gcc/arm-none-eabi/13.3.1/thumb/v7e-m+fp/hard\libg.a(libc_a-isattyr.o)
                0x0800d534                _isatty_r
 .text._kill_r  0x0800d558       0x2c C:/CLionToolchains/gcc-arm-none-eabi-10.3-2021.10/bin/../lib/gcc/arm-none-eabi/13.3.1/thumb/v7e-m+fp/hard\libg.a(libc_a-signalr.o)
                0x0800d558                _kill_r
 .text._getpid_r
                0x0800d584        0x4 C:/CLionToolchains/gcc-arm-none-eabi-10.3-2021.10/bin/../lib/gcc/arm-none-eabi/13.3.1/thumb/v7e-m+fp/hard\libg.a(libc_a-signalr.o)
                0x0800d584                _getpid_r
 .text.cos      0x0800d588       0x88 C:/CLionToolchains/gcc-arm-none-eabi-10.3-2021.10/bin/../lib/gcc/arm-none-eabi/13.3.1/thumb/v7e-m+fp/hard\libm.a(libm_a-s_cos.o)
                0x0800d588                cos
 .text.sin      0x0800d610       0x90 C:/CLionToolchains/gcc-arm-none-eabi-10.3-2021.10/bin/../lib/gcc/arm-none-eabi/13.3.1/thumb/v7e-m+fp/hard\libm.a(libm_a-s_sin.o)
                0x0800d610                sin
 .text.__kernel_cos
                0x0800d6a0      0x26c C:/CLionToolchains/gcc-arm-none-eabi-10.3-2021.10/bin/../lib/gcc/arm-none-eabi/13.3.1/thumb/v7e-m+fp/hard\libm.a(libm_a-k_cos.o)
                0x0800d6a0                __kernel_cos
 *fill*         0x0800d90c        0x4 
 .text.__kernel_sin
                0x0800d910      0x17c C:/CLionToolchains/gcc-arm-none-eabi-10.3-2021.10/bin/../lib/gcc/arm-none-eabi/13.3.1/thumb/v7e-m+fp/hard\libm.a(libm_a-k_sin.o)
                0x0800d910                __kernel_sin
 *fill*         0x0800da8c        0x4 
 .text.__ieee754_rem_pio2
                0x0800da90      0x424 C:/CLionToolchains/gcc-arm-none-eabi-10.3-2021.10/bin/../lib/gcc/arm-none-eabi/13.3.1/thumb/v7e-m+fp/hard\libm.a(libm_a-e_rem_pio2.o)
                0x0800da90                __ieee754_rem_pio2
 .text.fabs     0x0800deb4       0x10 C:/CLionToolchains/gcc-arm-none-eabi-10.3-2021.10/bin/../lib/gcc/arm-none-eabi/13.3.1/thumb/v7e-m+fp/hard\libm.a(libm_a-s_fabs.o)
                0x0800deb4                fabs
 *fill*         0x0800dec4        0x4 
 .text.__kernel_rem_pio2
                0x0800dec8      0x82c C:/CLionToolchains/gcc-arm-none-eabi-10.3-2021.10/bin/../lib/gcc/arm-none-eabi/13.3.1/thumb/v7e-m+fp/hard\libm.a(libm_a-k_rem_pio2.o)
                0x0800dec8                __kernel_rem_pio2
 *fill*         0x0800e6f4        0x4 
 .text.scalbn   0x0800e6f8      0x114 C:/CLionToolchains/gcc-arm-none-eabi-10.3-2021.10/bin/../lib/gcc/arm-none-eabi/13.3.1/thumb/v7e-m+fp/hard\libm.a(libm_a-s_scalbn.o)
                0x0800e6f8                scalbn
 *fill*         0x0800e80c        0x4 
 .text.floor    0x0800e810      0x108 C:/CLionToolchains/gcc-arm-none-eabi-10.3-2021.10/bin/../lib/gcc/arm-none-eabi/13.3.1/thumb/v7e-m+fp/hard\libm.a(libm_a-s_floor.o)
                0x0800e810                floor
 *(.glue_7)
 .glue_7        0x0800e918        0x0 linker stubs
 *(.glue_7t)
 .glue_7t       0x0800e918        0x0 linker stubs
 *(.eh_frame)
 .eh_frame      0x0800e918        0x0 C:/CLionToolchains/gcc-arm-none-eabi-10.3-2021.10/bin/../lib/gcc/arm-none-eabi/13.3.1/thumb/v7e-m+fp/hard/crtbegin.o
 *(.init)
 .init          0x0800e918        0x4 C:/CLionToolchains/gcc-arm-none-eabi-10.3-2021.10/bin/../lib/gcc/arm-none-eabi/13.3.1/thumb/v7e-m+fp/hard/crti.o
                0x0800e918                _init
 .init          0x0800e91c        0x8 C:/CLionToolchains/gcc-arm-none-eabi-10.3-2021.10/bin/../lib/gcc/arm-none-eabi/13.3.1/thumb/v7e-m+fp/hard/crtn.o
 *(.fini)
 .fini          0x0800e924        0x4 C:/CLionToolchains/gcc-arm-none-eabi-10.3-2021.10/bin/../lib/gcc/arm-none-eabi/13.3.1/thumb/v7e-m+fp/hard/crti.o
                0x0800e924                _fini
 .fini          0x0800e928        0x8 C:/CLionToolchains/gcc-arm-none-eabi-10.3-2021.10/bin/../lib/gcc/arm-none-eabi/13.3.1/thumb/v7e-m+fp/hard/crtn.o
                0x0800e930                        . = ALIGN (0x4)
                0x0800e930                        _etext = .

.vfp11_veneer   0x0800e930        0x0
 .vfp11_veneer  0x0800e930        0x0 linker stubs

.v4_bx          0x0800e930        0x0
 .v4_bx         0x0800e930        0x0 linker stubs

.iplt           0x0800e930        0x0
 .iplt          0x0800e930        0x0 C:/CLionToolchains/gcc-arm-none-eabi-10.3-2021.10/bin/../lib/gcc/arm-none-eabi/13.3.1/thumb/v7e-m+fp/hard/crtbegin.o

.rodata         0x0800e930      0x7c8
                0x0800e930                        . = ALIGN (0x4)
 *(.rodata)
 .rodata        0x0800e930      0x134 CMakeFiles/bubing_RM2025.elf.dir/Core/Src/freertos.c.obj
 *(.rodata*)
 .rodata.str1.4
                0x0800ea64      0x253 CMakeFiles/bubing_RM2025.elf.dir/Core/Src/freertos.c.obj
                                 0x94 (size before relaxing)
 *fill*         0x0800ecb7        0x1 
 .rodata.APBPrescTable
                0x0800ecb8        0x8 CMakeFiles/bubing_RM2025.elf.dir/Core/Src/system_stm32f4xx.c.obj
                0x0800ecb8                APBPrescTable
 .rodata.AHBPrescTable
                0x0800ecc0       0x10 CMakeFiles/bubing_RM2025.elf.dir/Core/Src/system_stm32f4xx.c.obj
                0x0800ecc0                AHBPrescTable
 .rodata.flagBitshiftOffset.0
                0x0800ecd0        0x8 CMakeFiles/bubing_RM2025.elf.dir/Drivers/STM32F4xx_HAL_Driver/Src/stm32f4xx_hal_dma.c.obj
 .rodata.vTaskStartScheduler.str1.4
                0x0800ecd8        0x5 CMakeFiles/bubing_RM2025.elf.dir/Middlewares/Third_Party/FreeRTOS/Source/tasks.c.obj
 .rodata.uart_sent.str1.4
                0x0800ecd8        0xf CMakeFiles/bubing_RM2025.elf.dir/code_mf/Src/uart_sent.c.obj
 .rodata._svfprintf_r.str1.4
                0x0800ecd8       0x42 C:/CLionToolchains/gcc-arm-none-eabi-10.3-2021.10/bin/../lib/gcc/arm-none-eabi/13.3.1/thumb/v7e-m+fp/hard\libg.a(libc_a-svfprintf.o)
 .rodata.zeroes.0
                0x0800ecd8       0x10 C:/CLionToolchains/gcc-arm-none-eabi-10.3-2021.10/bin/../lib/gcc/arm-none-eabi/13.3.1/thumb/v7e-m+fp/hard\libg.a(libc_a-svfprintf.o)
 .rodata.blanks.1
                0x0800ece8       0x10 C:/CLionToolchains/gcc-arm-none-eabi-10.3-2021.10/bin/../lib/gcc/arm-none-eabi/13.3.1/thumb/v7e-m+fp/hard\libg.a(libc_a-svfprintf.o)
 .rodata.str1.4
                0x0800ecf8       0x4c C:/CLionToolchains/gcc-arm-none-eabi-10.3-2021.10/bin/../lib/gcc/arm-none-eabi/13.3.1/thumb/v7e-m+fp/hard\libg.a(libc_a-locale.o)
 .rodata._dtoa_r.str1.4
                0x0800ecf8       0x81 C:/CLionToolchains/gcc-arm-none-eabi-10.3-2021.10/bin/../lib/gcc/arm-none-eabi/13.3.1/thumb/v7e-m+fp/hard\libg.a(libc_a-dtoa.o)
 .rodata.__multadd.str1.4
                0x0800ecf8       0x6e C:/CLionToolchains/gcc-arm-none-eabi-10.3-2021.10/bin/../lib/gcc/arm-none-eabi/13.3.1/thumb/v7e-m+fp/hard\libg.a(libc_a-mprec.o)
 .rodata.p05.0  0x0800ecf8        0xc C:/CLionToolchains/gcc-arm-none-eabi-10.3-2021.10/bin/../lib/gcc/arm-none-eabi/13.3.1/thumb/v7e-m+fp/hard\libg.a(libc_a-mprec.o)
 *fill*         0x0800ed04        0x4 
 .rodata.__mprec_bigtens
                0x0800ed08       0x28 C:/CLionToolchains/gcc-arm-none-eabi-10.3-2021.10/bin/../lib/gcc/arm-none-eabi/13.3.1/thumb/v7e-m+fp/hard\libg.a(libc_a-mprec.o)
                0x0800ed08                __mprec_bigtens
 .rodata.__mprec_tens
                0x0800ed30       0xc8 C:/CLionToolchains/gcc-arm-none-eabi-10.3-2021.10/bin/../lib/gcc/arm-none-eabi/13.3.1/thumb/v7e-m+fp/hard\libg.a(libc_a-mprec.o)
                0x0800ed30                __mprec_tens
 .rodata._ctype_
                0x0800edf8      0x101 C:/CLionToolchains/gcc-arm-none-eabi-10.3-2021.10/bin/../lib/gcc/arm-none-eabi/13.3.1/thumb/v7e-m+fp/hard\libg.a(libc_a-ctype_.o)
                0x0800edf8                _ctype_
 .rodata.__assert_func.str1.4
                0x0800eef9       0x43 C:/CLionToolchains/gcc-arm-none-eabi-10.3-2021.10/bin/../lib/gcc/arm-none-eabi/13.3.1/thumb/v7e-m+fp/hard\libg.a(libc_a-assert.o)
 .rodata._vfiprintf_r.str1.4
                0x0800eef9       0x2f C:/CLionToolchains/gcc-arm-none-eabi-10.3-2021.10/bin/../lib/gcc/arm-none-eabi/13.3.1/thumb/v7e-m+fp/hard\libg.a(libc_a-vfiprintf.o)
 *fill*         0x0800eef9        0x3 
 .rodata.zeroes.0
                0x0800eefc       0x10 C:/CLionToolchains/gcc-arm-none-eabi-10.3-2021.10/bin/../lib/gcc/arm-none-eabi/13.3.1/thumb/v7e-m+fp/hard\libg.a(libc_a-vfiprintf.o)
 .rodata.blanks.1
                0x0800ef0c       0x10 C:/CLionToolchains/gcc-arm-none-eabi-10.3-2021.10/bin/../lib/gcc/arm-none-eabi/13.3.1/thumb/v7e-m+fp/hard\libg.a(libc_a-vfiprintf.o)
 .rodata.npio2_hw
                0x0800ef1c       0x80 C:/CLionToolchains/gcc-arm-none-eabi-10.3-2021.10/bin/../lib/gcc/arm-none-eabi/13.3.1/thumb/v7e-m+fp/hard\libm.a(libm_a-e_rem_pio2.o)
 .rodata.two_over_pi
                0x0800ef9c      0x108 C:/CLionToolchains/gcc-arm-none-eabi-10.3-2021.10/bin/../lib/gcc/arm-none-eabi/13.3.1/thumb/v7e-m+fp/hard\libm.a(libm_a-e_rem_pio2.o)
 *fill*         0x0800f0a4        0x4 
 .rodata.PIo2   0x0800f0a8       0x40 C:/CLionToolchains/gcc-arm-none-eabi-10.3-2021.10/bin/../lib/gcc/arm-none-eabi/13.3.1/thumb/v7e-m+fp/hard\libm.a(libm_a-k_rem_pio2.o)
 .rodata.init_jk
                0x0800f0e8       0x10 C:/CLionToolchains/gcc-arm-none-eabi-10.3-2021.10/bin/../lib/gcc/arm-none-eabi/13.3.1/thumb/v7e-m+fp/hard\libm.a(libm_a-k_rem_pio2.o)
                0x0800f0f8                        . = ALIGN (0x4)

.ARM.extab      0x0800f0f8        0x0
                0x0800f0f8                        . = ALIGN (0x4)
 *(.ARM.extab* .gnu.linkonce.armextab.*)
                0x0800f0f8                        . = ALIGN (0x4)

.ARM            0x0800f0f8        0x8
                0x0800f0f8                        . = ALIGN (0x4)
                0x0800f0f8                        __exidx_start = .
 *(.ARM.exidx*)
 .ARM.exidx     0x0800f0f8        0x8 C:/CLionToolchains/gcc-arm-none-eabi-10.3-2021.10/bin/../lib/gcc/arm-none-eabi/13.3.1/thumb/v7e-m+fp/hard\libg.a(libc_a-memcpy.o)
 .ARM.exidx     0x0800f100        0x0 C:/CLionToolchains/gcc-arm-none-eabi-10.3-2021.10/bin/../lib/gcc/arm-none-eabi/13.3.1/thumb/v7e-m+fp/hard\libg.a(libc_a-memchr.o)
                                  0x8 (size before relaxing)
 .ARM.exidx     0x0800f100        0x0 C:/CLionToolchains/gcc-arm-none-eabi-10.3-2021.10/bin/../lib/gcc/arm-none-eabi/13.3.1/thumb/v7e-m+fp/hard\libg.a(libc_a-strlen.o)
                                  0x8 (size before relaxing)
 .ARM.exidx.text.__udivmoddi4